Component: ARM Compiler 5.06 update 7 (build 960) Tool: armlink [4d3601]

==============================================================================

Section Cross References

    main.o(i.init_i2c) refers to pin_mux.o(i.BOARD_InitPins) for BOARD_InitPins
    main.o(i.init_i2c) refers to clock_config.o(i.BOARD_BootClockRUN) for BOARD_BootClockRUN
    main.o(i.init_i2c) refers to board.o(i.BOARD_InitDebugConsole) for BOARD_InitDebugConsole
    main.o(i.init_i2c) refers to pin_mux.o(i.BOARD_I2C_ConfigurePins) for BOARD_I2C_ConfigurePins
    main.o(i.init_i2c) refers to fsl_i2c.o(i.I2C_MasterGetDefaultConfig) for I2C_MasterGetDefaultConfig
    main.o(i.init_i2c) refers to fsl_clock.o(i.CLOCK_GetFreq) for CLOCK_GetFreq
    main.o(i.init_i2c) refers to fsl_i2c.o(i.I2C_MasterInit) for I2C_MasterInit
    main.o(i.main) refers to main.o(i.init_i2c) for init_i2c
    main.o(i.main) refers to main.o(i.send_i2c) for send_i2c
    main.o(i.main) refers to lcd.o(i.LCD_Init) for LCD_Init
    main.o(i.main) refers to fsl_debug_console.o(i.DbgConsole_Printf) for DbgConsole_Printf
    main.o(i.main) refers to main.o(i.read_i2c) for read_i2c
    main.o(i.main) refers to dflti.o(.text) for __aeabi_i2d
    main.o(i.main) refers to ddiv.o(.text) for __aeabi_ddiv
    main.o(i.main) refers to d2f.o(.text) for __aeabi_d2f
    main.o(i.main) refers to fflti.o(.text) for __aeabi_i2f
    main.o(i.main) refers to faddsub.o(x$fpl$fsub) for __aeabi_fsub
    main.o(i.main) refers to fmul.o(x$fpl$fmul) for __aeabi_fmul
    main.o(i.main) refers to f2d.o(.text) for __aeabi_f2d
    main.o(i.main) refers to atan2.o(i.atan2) for atan2
    main.o(i.main) refers to dmul.o(.text) for __aeabi_dmul
    main.o(i.main) refers to dfixui.o(.text) for __aeabi_d2uiz
    main.o(i.main) refers to lcd.o(i.LCD_DisplayDemical) for LCD_DisplayDemical
    main.o(i.main) refers to lcd.o(i.delay) for delay
    main.o(i.main) refers to main.o(.data) for xmax
    main.o(i.read_i2c) refers to fsl_i2c.o(i.I2C_MasterTransferBlocking) for I2C_MasterTransferBlocking
    main.o(i.send_i2c) refers to fsl_i2c.o(i.I2C_MasterTransferBlocking) for I2C_MasterTransferBlocking
    lcd.o(i.LCD_DisplayAll) refers to lcd.o(i.SLCD_SetBackPlanePhase) for SLCD_SetBackPlanePhase
    lcd.o(i.LCD_DisplayAll) refers to lcd.o(i.SLCD_SetFrontPlaneSegments) for SLCD_SetFrontPlaneSegments
    lcd.o(i.LCD_DisplayAll) refers to lcd.o(i.SLCD_StartDisplay) for SLCD_StartDisplay
    lcd.o(i.LCD_DisplayDemical) refers to lcd.o(i.LCD_DisplayError) for LCD_DisplayError
    lcd.o(i.LCD_DisplayDemical) refers to lcd.o(i.SLCD_SetBackPlanePhase) for SLCD_SetBackPlanePhase
    lcd.o(i.LCD_DisplayDemical) refers to aeabi_sdiv.o(.text) for __aeabi_idivmod
    lcd.o(i.LCD_DisplayDemical) refers to lcd.o(i.LCD_SetNum) for LCD_SetNum
    lcd.o(i.LCD_DisplayDemical) refers to lcd.o(i.SLCD_StartDisplay) for SLCD_StartDisplay
    lcd.o(i.LCD_DisplayError) refers to lcd.o(i.SLCD_SetBackPlanePhase) for SLCD_SetBackPlanePhase
    lcd.o(i.LCD_DisplayError) refers to lcd.o(i.SLCD_SetFrontPlaneSegments) for SLCD_SetFrontPlaneSegments
    lcd.o(i.LCD_DisplayError) refers to lcd.o(i.SLCD_StartDisplay) for SLCD_StartDisplay
    lcd.o(i.LCD_DisplayTime) refers to lcd.o(i.LCD_DisplayError) for LCD_DisplayError
    lcd.o(i.LCD_DisplayTime) refers to lcd.o(i.SLCD_SetBackPlanePhase) for SLCD_SetBackPlanePhase
    lcd.o(i.LCD_DisplayTime) refers to aeabi_sdiv.o(.text) for __aeabi_idivmod
    lcd.o(i.LCD_DisplayTime) refers to lcd.o(i.LCD_SetNum) for LCD_SetNum
    lcd.o(i.LCD_DisplayTime) refers to lcd.o(i.SLCD_StartDisplay) for SLCD_StartDisplay
    lcd.o(i.LCD_Init) refers to pin_mux.o(i.BOARD_InitPins) for BOARD_InitPins
    lcd.o(i.LCD_Init) refers to clock_config.o(i.BOARD_BootClockRUN) for BOARD_BootClockRUN
    lcd.o(i.LCD_Init) refers to fsl_slcd.o(i.SLCD_GetDefaultConfig) for SLCD_GetDefaultConfig
    lcd.o(i.LCD_Init) refers to fsl_slcd.o(i.SLCD_Init) for SLCD_Init
    lcd.o(i.LCD_Init) refers to lcd.o(.constdata) for .constdata
    lcd.o(i.LCD_SetNum) refers to lcd.o(i.__ARM_common_switch8) for __ARM_common_switch8
    lcd.o(i.LCD_SetNum) refers to lcd.o(i.SLCD_SetFrontPlaneSegments) for SLCD_SetFrontPlaneSegments
    lcd.o(i.LCD_StartBlinkMode) refers to fsl_slcd.o(i.SLCD_StartBlinkMode) for SLCD_StartBlinkMode
    lcd.o(i.LCD_StartDisplay) refers to lcd.o(i.SLCD_StartDisplay) for SLCD_StartDisplay
    board.o(i.BOARD_InitDebugConsole) refers to fsl_clock.o(i.CLOCK_GetPllFllSelClkFreq) for CLOCK_GetPllFllSelClkFreq
    board.o(i.BOARD_InitDebugConsole) refers to fsl_debug_console.o(i.DbgConsole_Init) for DbgConsole_Init
    clock_config.o(i.BOARD_BootClockRUN) refers to fsl_clock.o(i.CLOCK_InitOsc0) for CLOCK_InitOsc0
    clock_config.o(i.BOARD_BootClockRUN) refers to clock_config.o(i.CLOCK_CONFIG_SetFllExtRefDiv) for CLOCK_CONFIG_SetFllExtRefDiv
[...]
    ../mathlib/poly.c                        0x00000000   Number         0  poly.o ABSOLUTE
    ../mathlib/qnan.c                        0x00000000   Number         0  qnan.o ABSOLUTE
    D:/MDK/MDK2/NXP/MKL46Z4_DFP/10.0.3/drivers/fsl_clock.c 0x00000000   Number         0  fsl_clock.o ABSOLUTE
    D:/MDK/MDK2/NXP/MKL46Z4_DFP/10.0.3/drivers/fsl_common.c 0x00000000   Number         0  fsl_common.o ABSOLUTE
    D:/MDK/MDK2/NXP/MKL46Z4_DFP/10.0.3/drivers/fsl_ftfx_cache.c 0x00000000   Number         0  fsl_ftfx_cache.o ABSOLUTE
    D:/MDK/MDK2/NXP/MKL46Z4_DFP/10.0.3/drivers/fsl_ftfx_controller.c 0x00000000   Number         0  fsl_ftfx_controller.o ABSOLUTE
    D:/MDK/MDK2/NXP/MKL46Z4_DFP/10.0.3/drivers/fsl_ftfx_flash.c 0x00000000   Number         0  fsl_ftfx_flash.o ABSOLUTE
    D:/MDK/MDK2/NXP/MKL46Z4_DFP/10.0.3/drivers/fsl_ftfx_flexnvm.c 0x00000000   Number         0  fsl_ftfx_flexnvm.o ABSOLUTE
    D:/MDK/MDK2/NXP/MKL46Z4_DFP/10.0.3/drivers/fsl_gpio.c 0x00000000   Number         0  fsl_gpio.o ABSOLUTE
    D:/MDK/MDK2/NXP/MKL46Z4_DFP/10.0.3/drivers/fsl_i2c.c 0x00000000   Number         0  fsl_i2c.o ABSOLUTE
    D:/MDK/MDK2/NXP/MKL46Z4_DFP/10.0.3/drivers/fsl_lpsci.c 0x00000000   Number         0  fsl_lpsci.o ABSOLUTE
    D:/MDK/MDK2/NXP/MKL46Z4_DFP/10.0.3/drivers/fsl_slcd.c 0x00000000   Number         0  fsl_slcd.o ABSOLUTE
    D:/MDK/MDK2/NXP/MKL46Z4_DFP/10.0.3/drivers/fsl_smc.c 0x00000000   Number         0  fsl_smc.o ABSOLUTE
    D:/MDK/MDK2/NXP/MKL46Z4_DFP/10.0.3/drivers/fsl_uart.c 0x00000000   Number         0  fsl_uart.o ABSOLUTE
    D:/MDK/MDK2/NXP/MKL46Z4_DFP/10.0.3/utilities/fsl_assert.c 0x00000000   Number         0  fsl_assert.o ABSOLUTE
    D:/MDK/MDK2/NXP/MKL46Z4_DFP/10.0.3/utilities/fsl_debug_console.c 0x00000000   Number         0  fsl_debug_console.o ABSOLUTE
    D:/MDK/MDK2/NXP/MKL46Z4_DFP/10.0.3/utilities/io/fsl_io.c 0x00000000   Number         0  fsl_io.o ABSOLUTE
    D:/MDK/MDK2/NXP/MKL46Z4_DFP/10.0.3/utilities/log/fsl_log.c 0x00000000   Number         0  fsl_log.o ABSOLUTE
    D:/MDK/MDK2/NXP/MKL46Z4_DFP/10.0.3/utilities/str/fsl_str.c 0x00000000   Number         0  fsl_str.o ABSOLUTE
    D:\MDK\MDK2\NXP\MKL46Z4_DFP\10.0.3\drivers\fsl_clock.c 0x00000000   Number         0  fsl_clock.o ABSOLUTE
    D:\MDK\MDK2\NXP\MKL46Z4_DFP\10.0.3\drivers\fsl_common.c 0x00000000   Number         0  fsl_common.o ABSOLUTE
    D:\MDK\MDK2\NXP\MKL46Z4_DFP\10.0.3\drivers\fsl_ftfx_cache.c 0x00000000   Number         0  fsl_ftfx_cache.o ABSOLUTE
    D:\MDK\MDK2\NXP\MKL46Z4_DFP\10.0.3\drivers\fsl_ftfx_controller.c 0x00000000   Number         0  fsl_ftfx_controller.o ABSOLUTE
    D:\MDK\MDK2\NXP\MKL46Z4_DFP\10.0.3\drivers\fsl_ftfx_flash.c 0x00000000   Number         0  fsl_ftfx_flash.o ABSOLUTE
    D:\MDK\MDK2\NXP\MKL46Z4_DFP\10.0.3\drivers\fsl_ftfx_flexnvm.c 0x00000000   Number         0  fsl_ftfx_flexnvm.o ABSOLUTE
    D:\MDK\MDK2\NXP\MKL46Z4_DFP\10.0.3\drivers\fsl_gpio.c 0x00000000   Number         0  fsl_gpio.o ABSOLUTE
    D:\MDK\MDK2\NXP\MKL46Z4_DFP\10.0.3\drivers\fsl_i2c.c 0x00000000   Number         0  fsl_i2c.o ABSOLUTE
    D:\MDK\MDK2\NXP\MKL46Z4_DFP\10.0.3\drivers\fsl_lpsci.c 0x00000000   Number         0  fsl_lpsci.o ABSOLUTE
    D:\MDK\MDK2\NXP\MKL46Z4_DFP\10.0.3\drivers\fsl_slcd.c 0x00000000   Number         0  fsl_slcd.o ABSOLUTE
    D:\MDK\MDK2\NXP\MKL46Z4_DFP\10.0.3\drivers\fsl_smc.c 0x00000000   Number         0  fsl_smc.o ABSOLUTE
    D:\MDK\MDK2\NXP\MKL46Z4_DFP\10.0.3\drivers\fsl_uart.c 0x00000000   Number         0  fsl_uart.o ABSOLUTE
    D:\MDK\MDK2\NXP\MKL46Z4_DFP\10.0.3\utilities\fsl_assert.c 0x00000000   Number         0  fsl_assert.o ABSOLUTE
    D:\MDK\MDK2\NXP\MKL46Z4_DFP\10.0.3\utilities\fsl_debug_console.c 0x00000000   Number         0  fsl_debug_console.o ABSOLUTE
    D:\MDK\MDK2\NXP\MKL46Z4_DFP\10.0.3\utilities\io\fsl_io.c 0x00000000   Number         0  fsl_io.o ABSOLUTE
    D:\MDK\MDK2\NXP\MKL46Z4_DFP\10.0.3\utilities\log\fsl_log.c 0x00000000   Number         0  fsl_log.o ABSOLUTE
    D:\MDK\MDK2\NXP\MKL46Z4_DFP\10.0.3\utilities\str\fsl_str.c 0x00000000   Number         0  fsl_str.o ABSOLUTE
    RTE/Board_Support/MKL46Z256VLL4/board.c  0x00000000   Number         0  board.o ABSOLUTE
    RTE/Board_Support/MKL46Z256VLL4/clock_config.c 0x00000000   Number         0  clock_config.o ABSOLUTE
    RTE/Board_Support/MKL46Z256VLL4/peripherals.c 0x00000000   Number         0  peripherals.o ABSOLUTE
    RTE/Board_Support/MKL46Z256VLL4/pin_mux.c 0x00000000   Number         0  pin_mux.o ABSOLUTE
    RTE/Device/MKL46Z256VLL4/startup_MKL46Z4.s 0x00000000   Number         0  startup_mkl46z4.o ABSOLUTE
    RTE/Device/MKL46Z256VLL4/system_MKL46Z4.c 0x00000000   Number         0  system_mkl46z4.o ABSOLUTE
    RTE\Board_Support\MKL46Z256VLL4\board.c  0x00000000   Number         0  board.o ABSOLUTE
    RTE\Board_Support\MKL46Z256VLL4\clock_config.c 0x00000000   Number         0  clock_config.o ABSOLUTE
    RTE\Board_Support\MKL46Z256VLL4\pin_mux.c 0x00000000   Number         0  pin_mux.o ABSOLUTE
    RTE\Device\MKL46Z256VLL4\system_MKL46Z4.c 0x00000000   Number         0  system_mkl46z4.o ABSOLUTE
    dc.s                                     0x00000000   Number         0  dc.o ABSOLUTE
    lcd.c                                    0x00000000   Number         0  lcd.o ABSOLUTE
    lcd.c                                    0x00000000   Number         0  lcd.o ABSOLUTE
    main.c                                   0x00000000   Number         0  main.o ABSOLUTE
    main.c                                   0x00000000   Number         0  main.o ABSOLUTE
    FlashConfig                              0x00000400   Section       16  startup_mkl46z4.o(FlashConfig)
    !!!main                                  0x00000410   Section        8  __main.o(!!!main)
    !!!scatter                               0x00000418   Section       60  __scatter.o(!!!scatter)
    !!handler_copy                           0x00000454   Section       26  __scatter_copy.o(!!handler_copy)
    !!handler_zi                             0x00000470   Section       28  __scatter_zi.o(!!handler_zi)
    .ARM.Collect$$libinit$$00000000          0x0000048c   Section        2  libinit.o(.ARM.Collect$$libinit$$00000000)
    .ARM.Collect$$libinit$$00000002          0x0000048e   Section        0  libinit2.o(.ARM.Collect$$libinit$$00000002)
    .ARM.Collect$$libinit$$00000004          0x0000048e   Section        0  libinit2.o(.ARM.Collect$$libinit$$00000004)
    .ARM.Collect$$libinit$$0000000A          0x0000048e   Section        0  libinit2.o(.ARM.Collect$$libinit$$0000000A)
    .ARM.Collect$$libinit$$0000000C          0x0000048e   Section        0  libinit2.o(.ARM.Collect$$libinit$$0000000C)
    .ARM.Collect$$libinit$$0000000E          0x0000048e   Section        0  libinit2.o(.ARM.Collect$$libinit$$0000000E)
    .ARM.Collect$$libinit$$00000011          0x0000048e   Section        0  libinit2.o(.ARM.Collect$$libinit$$00000011)
    .ARM.Collect$$libinit$$00000013          0x0000048e   Section        0  libinit2.o(.ARM.Collect$$libinit$$00000013)
    .ARM.Collect$$libinit$$00000015          0x0000048e   Section        0  libinit2.o(.ARM.Collect$$libinit$$00000015)
    .ARM.Collect$$libinit$$00000017          0x0000048e   Section        0  libinit2.o(.ARM.Collect$$libinit$$00000017)
    .ARM.Collect$$libinit$$00000019          0x0000048e   Section        0  libinit2.o(.ARM.Collect$$libinit$$00000019)
    .ARM.Collect$$libinit$$0000001B          0x0000048e   Section        0  libinit2.o(.ARM.Collect$$libinit$$0000001B)
    .ARM.Collect$$libinit$$0000001D          0x0000048e   Section        0  libinit2.o(.ARM.Collect$$libinit$$0000001D)
    .ARM.Collect$$libinit$$0000001F          0x0000048e   Section        0  libinit2.o(.ARM.Collect$$libinit$$0000001F)
    .ARM.Collect$$libinit$$00000021          0x0000048e   Section        0  libinit2.o(.ARM.Collect$$libinit$$00000021)
    .ARM.Collect$$libinit$$00000023          0x0000048e   Section        0  libinit2.o(.ARM.Collect$$libinit$$00000023)
    .ARM.Collect$$libinit$$00000025          0x0000048e   Section        0  libinit2.o(.ARM.Collect$$libinit$$00000025)
    .ARM.Collect$$libinit$$0000002C          0x0000048e   Section        0  libinit2.o(.ARM.Collect$$libinit$$0000002C)
    .ARM.Collect$$libinit$$0000002E          0x0000048e   Section        0  libinit2.o(.ARM.Collect$$libinit$$0000002E)
    .ARM.Collect$$libinit$$00000030          0x0000048e   Section        0  libinit2.o(.ARM.Collect$$libinit$$00000030)
    .ARM.Collect$$libinit$$00000032          0x0000048e   Section        0  libinit2.o(.ARM.Collect$$libinit$$00000032)
    .ARM.Collect$$libinit$$00000033          0x0000048e   Section        2  libinit2.o(.ARM.Collect$$libinit$$00000033)
    .ARM.Collect$$libshutdown$$00000000      0x00000490   Section        2  libshutdown.o(.ARM.Collect$$libshutdown$$00000000)
    .ARM.Collect$$libshutdown$$00000002      0x00000492   Section        0  libshutdown2.o(.ARM.Collect$$libshutdown$$00000002)
    .ARM.Collect$$libshutdown$$00000004      0x00000492   Section        0  libshutdown2.o(.ARM.Collect$$libshutdown$$00000004)
    .ARM.Collect$$libshutdown$$00000006      0x00000492   Section        0  libshutdown2.o(.ARM.Collect$$libshutdown$$00000006)
    .ARM.Collect$$libshutdown$$00000009      0x00000492   Section        0  libshutdown2.o(.ARM.Collect$$libshutdown$$00000009)
    .ARM.Collect$$libshutdown$$0000000C      0x00000492   Section        0  libshutdown2.o(.ARM.Collect$$libshutdown$$0000000C)
    .ARM.Collect$$libshutdown$$0000000E      0x00000492   Section        0  libshutdown2.o(.ARM.Collect$$libshutdown$$0000000E)
    .ARM.Collect$$libshutdown$$00000011      0x00000492   Section        0  libshutdown2.o(.ARM.Collect$$libshutdown$$00000011)
    .ARM.Collect$$libshutdown$$00000012      0x00000492   Section        2  libshutdown2.o(.ARM.Collect$$libshutdown$$00000012)
    .ARM.Collect$$rtentry$$00000000          0x00000494   Section        0  __rtentry.o(.ARM.Collect$$rtentry$$00000000)
    .ARM.Collect$$rtentry$$00000002          0x00000494   Section        0  __rtentry2.o(.ARM.Collect$$rtentry$$00000002)
    .ARM.Collect$$rtentry$$00000007          0x00000494   Section        4  __rtentry7.o(.ARM.Collect$$rtentry$$00000007)
    .ARM.Collect$$rtentry$$00000009          0x00000498   Section        0  __rtentry2.o(.ARM.Collect$$rtentry$$00000009)
    .ARM.Collect$$rtentry$$0000000A          0x00000498   Section        4  __rtentry2.o(.ARM.Collect$$rtentry$$0000000A)
    .ARM.Collect$$rtentry$$0000000C          0x0000049c   Section        0  __rtentry2.o(.ARM.Collect$$rtentry$$0000000C)
    .ARM.Collect$$rtentry$$0000000D          0x0000049c   Section        8  __rtentry2.o(.ARM.Collect$$rtentry$$0000000D)
    .ARM.Collect$$rtentry$$00002718          0x000004a4   Section        4  __rtentry7.o(.ARM.Collect$$rtentry$$00002718)
    __lit__00000000                          0x000004a4   Data           4  __rtentry7.o(.ARM.Collect$$rtentry$$00002718)
    .ARM.Collect$$rtexit$$00000000           0x000004a8   Section        2  rtexit.o(.ARM.Collect$$rtexit$$00000000)
    .ARM.Collect$$rtexit$$00000002           0x000004aa   Section        0  rtexit2.o(.ARM.Collect$$rtexit$$00000002)
    .ARM.Collect$$rtexit$$00000003           0x000004aa   Section        4  rtexit2.o(.ARM.Collect$$rtexit$$00000003)
    .ARM.Collect$$rtexit$$00000004           0x000004ae   Section        6  rtexit2.o(.ARM.Collect$$rtexit$$00000004)
    .text                                    0x000004b4   Section      156  startup_mkl46z4.o(.text)
    .text                                    0x00000550   Section        0  strlen.o(.text)
    .text                                    0x00000594   Section        0  rt_memclr.o(.text)
    .text                                    0x000005d4   Section      346  aeabi_sdiv.o(.text)
    .text                                    0x00000730   Section        0  d2f.o(.text)
    .text                                    0x000007ac   Section        0  ddiv.o(.text)
    .text                                    0x00000bf4   Section        0  dfixui.o(.text)
    .text                                    0x00000c3c   Section        0  dflti.o(.text)
    .text                                    0x00000c94   Section        0  dmul.o(.text)
    .text                                    0x00000edc   Section        0  f2d.o(.text)
    .text                                    0x00000f30   Section        0  fflti.o(.text)
    .text                                    0x00000f8e   Section        0  _rserrno.o(.text)
    .text                                    0x00000fa4   Section        0  daddsub.o(.text)
    _dadd1                                   0x00000fa5   Thumb Code   290  daddsub.o(.text)
    _dsub1                                   0x000010c7   Thumb Code   470  daddsub.o(.text)
    .text                                    0x000012fc   Section        8  rt_errno_addr_intlibspace.o(.text)
    .text                                    0x00001304   Section        0  dcmpin.o(.text)
    .text                                    0x00001394   Section        0  dscalbn.o(.text)
    .text                                    0x000013f4   Section        2  use_no_semi.o(.text)
    .text                                    0x000013f6   Section        0  indicate_semi.o(.text)
    .text                                    0x000013f6   Section        0  exit.o(.text)
    .text                                    0x00001406   Section        0  cmpret.o(.text)
    .text                                    0x00001434   Section        0  dnan2.o(.text)
    .text                                    0x00001448   Section        0  sys_exit.o(.text)
    .text                                    0x00001454   Section        0  retnan.o(.text)
    i.BOARD_BootClockRUN                     0x000014b4   Section        0  clock_config.o(i.BOARD_BootClockRUN)
    i.BOARD_I2C_ConfigurePins                0x00001520   Section        0  pin_mux.o(i.BOARD_I2C_ConfigurePins)
    i.BOARD_InitDebugConsole                 0x00001558   Section        0  board.o(i.BOARD_InitDebugConsole)
    i.BOARD_InitPins                         0x00001594   Section        0  pin_mux.o(i.BOARD_InitPins)
    i.CLOCK_BootToPeeMode                    0x000015cc   Section        0  fsl_clock.o(i.CLOCK_BootToPeeMode)
    i.CLOCK_CONFIG_SetFllExtRefDiv           0x0000165c   Section        0  clock_config.o(i.CLOCK_CONFIG_SetFllExtRefDiv)
    CLOCK_CONFIG_SetFllExtRefDiv             0x0000165d   Thumb Code    22  clock_config.o(i.CLOCK_CONFIG_SetFllExtRefDiv)
    i.CLOCK_EnableClock                      0x00001678   Section        0  pin_mux.o(i.CLOCK_EnableClock)
    CLOCK_EnableClock                        0x00001679   Thumb Code    18  pin_mux.o(i.CLOCK_EnableClock)
    i.CLOCK_EnableClock                      0x00001690   Section        0  fsl_i2c.o(i.CLOCK_EnableClock)
    CLOCK_EnableClock                        0x00001691   Thumb Code    18  fsl_i2c.o(i.CLOCK_EnableClock)
    i.CLOCK_EnablePll0                       0x000016a8   Section        0  fsl_clock.o(i.CLOCK_EnablePll0)
    i.CLOCK_GetEr32kClkFreq                  0x00001744   Section        0  fsl_clock.o(i.CLOCK_GetEr32kClkFreq)
    i.CLOCK_GetFixedFreqClkFreq              0x000017f0   Section        0  fsl_clock.o(i.CLOCK_GetFixedFreqClkFreq)
    i.CLOCK_GetFllExtRefClkFreq              0x00001810   Section        0  fsl_clock.o(i.CLOCK_GetFllExtRefClkFreq)
    CLOCK_GetFllExtRefClkFreq                0x00001811   Thumb Code   110  fsl_clock.o(i.CLOCK_GetFllExtRefClkFreq)
    i.CLOCK_GetFllFreq                       0x00001884   Section        0  fsl_clock.o(i.CLOCK_GetFllFreq)
    i.CLOCK_GetFllRefClkFreq                 0x000018dc   Section        0  fsl_clock.o(i.CLOCK_GetFllRefClkFreq)
    CLOCK_GetFllRefClkFreq                   0x000018dd   Thumb Code    28  fsl_clock.o(i.CLOCK_GetFllRefClkFreq)
    i.CLOCK_GetFreq                          0x00001900   Section        0  fsl_clock.o(i.CLOCK_GetFreq)
    i.CLOCK_GetInternalRefClkFreq            0x000019b0   Section        0  fsl_clock.o(i.CLOCK_GetInternalRefClkFreq)
    i.CLOCK_GetInternalRefClkSelectFreq      0x000019cc   Section        0  fsl_clock.o(i.CLOCK_GetInternalRefClkSelectFreq)
    CLOCK_GetInternalRefClkSelectFreq        0x000019cd   Thumb Code    36  fsl_clock.o(i.CLOCK_GetInternalRefClkSelectFreq)
    i.CLOCK_GetMcgExtClkFreq                 0x000019fc   Section        0  fsl_clock.o(i.CLOCK_GetMcgExtClkFreq)
    CLOCK_GetMcgExtClkFreq                   0x000019fd   Thumb Code    28  fsl_clock.o(i.CLOCK_GetMcgExtClkFreq)
    i.CLOCK_GetOsc0ErClkFreq                 0x00001a60   Section        0  fsl_clock.o(i.CLOCK_GetOsc0ErClkFreq)
    i.CLOCK_GetOscRangeFromFreq              0x00001adc   Section        0  fsl_clock.o(i.CLOCK_GetOscRangeFromFreq)
    CLOCK_GetOscRangeFromFreq                0x00001add   Thumb Code    26  fsl_clock.o(i.CLOCK_GetOscRangeFromFreq)
    i.CLOCK_GetOutClkFreq                    0x00001b00   Section        0  fsl_clock.o(i.CLOCK_GetOutClkFreq)
    i.CLOCK_GetPll0Freq                      0x00001b40   Section        0  fsl_clock.o(i.CLOCK_GetPll0Freq)
    i.CLOCK_GetPll0RefFreq                   0x00001bd4   Section        0  fsl_clock.o(i.CLOCK_GetPll0RefFreq)
    CLOCK_GetPll0RefFreq                     0x00001bd5   Thumb Code     8  fsl_clock.o(i.CLOCK_GetPll0RefFreq)
    i.CLOCK_GetPllFllSelClkFreq              0x00001bdc   Section        0  fsl_clock.o(i.CLOCK_GetPllFllSelClkFreq)
    i.CLOCK_InitOsc0                         0x00001c14   Section        0  fsl_clock.o(i.CLOCK_InitOsc0)
    i.CLOCK_SetExternalRefClkConfig          0x00001c8c   Section        0  fsl_clock.o(i.CLOCK_SetExternalRefClkConfig)
    i.CLOCK_SetInternalRefClkConfig          0x00001c94   Section        0  fsl_clock.o(i.CLOCK_SetInternalRefClkConfig)
    i.CLOCK_SetPbeMode                       0x00001d40   Section        0  fsl_clock.o(i.CLOCK_SetPbeMode)
    i.CLOCK_SetSimConfig                     0x00001e04   Section        0  fsl_clock.o(i.CLOCK_SetSimConfig)
    i.ConvertRadixNumToString                0x00001e54   Section        0  fsl_str.o(i.ConvertRadixNumToString)
    ConvertRadixNumToString                  0x00001e55   Thumb Code   196  fsl_str.o(i.ConvertRadixNumToString)
    i.DbgConsole_Init                        0x00001f18   Section        0  fsl_debug_console.o(i.DbgConsole_Init)
    i.DbgConsole_Printf                      0x00001f70   Section        0  fsl_debug_console.o(i.DbgConsole_Printf)
    i.DbgConsole_RelocateLog                 0x00001fb4   Section        0  fsl_debug_console.o(i.DbgConsole_RelocateLog)
    DbgConsole_RelocateLog                   0x00001fb5   Thumb Code    58  fsl_debug_console.o(i.DbgConsole_RelocateLog)
    i.I2C0_DriverIRQHandler                  0x00001ff0   Section        0  fsl_i2c.o(i.I2C0_DriverIRQHandler)
    i.I2C1_DriverIRQHandler                  0x00002008   Section        0  fsl_i2c.o(i.I2C1_DriverIRQHandler)
    i.I2C_CheckAndClearError                 0x00002020   Section        0  fsl_i2c.o(i.I2C_CheckAndClearError)
    I2C_CheckAndClearError                   0x00002021   Thumb Code    34  fsl_i2c.o(i.I2C_CheckAndClearError)
    i.I2C_GetInstance                        0x00002048   Section        0  fsl_i2c.o(i.I2C_GetInstance)
    i.I2C_MasterClearStatusFlags             0x000020d8   Section        0  fsl_i2c.o(i.I2C_MasterClearStatusFlags)
    I2C_MasterClearStatusFlags               0x000020d9   Thumb Code    44  fsl_i2c.o(i.I2C_MasterClearStatusFlags)
    i.I2C_MasterGetDefaultConfig             0x00002104   Section        0  fsl_i2c.o(i.I2C_MasterGetDefaultConfig)
    i.I2C_MasterGetStatusFlags               0x00002178   Section        0  fsl_i2c.o(i.I2C_MasterGetStatusFlags)
    i.I2C_MasterInit                         0x0000219c   Section        0  fsl_i2c.o(i.I2C_MasterInit)
    i.I2C_MasterReadBlocking                 0x00002284   Section        0  fsl_i2c.o(i.I2C_MasterReadBlocking)
    i.I2C_MasterRepeatedStart                0x00002318   Section        0  fsl_i2c.o(i.I2C_MasterRepeatedStart)
    i.I2C_MasterSetBaudRate                  0x00002384   Section        0  fsl_i2c.o(i.I2C_MasterSetBaudRate)
    i.I2C_MasterStart                        0x00002410   Section        0  fsl_i2c.o(i.I2C_MasterStart)
    i.I2C_MasterStop                         0x00002454   Section        0  fsl_i2c.o(i.I2C_MasterStop)
    i.I2C_MasterTransferBlocking             0x00002470   Section        0  fsl_i2c.o(i.I2C_MasterTransferBlocking)
    i.I2C_MasterWriteBlocking                0x0000263c   Section        0  fsl_i2c.o(i.I2C_MasterWriteBlocking)
    i.I2C_TransferCommonIRQHandler           0x000026e4   Section        0  fsl_i2c.o(i.I2C_TransferCommonIRQHandler)
    I2C_TransferCommonIRQHandler             0x000026e5   Thumb Code    54  fsl_i2c.o(i.I2C_TransferCommonIRQHandler)
    i.IO_Init                                0x00002724   Section        0  fsl_io.o(i.IO_Init)
    i.IO_Transfer                            0x00002854   Section        0  fsl_io.o(i.IO_Transfer)
    i.LCD_DisplayDemical                     0x000028c4   Section        0  lcd.o(i.LCD_DisplayDemical)
    i.LCD_DisplayError                       0x000029a8   Section        0  lcd.o(i.LCD_DisplayError)
    i.LCD_Init                               0x00002a30   Section        0  lcd.o(i.LCD_Init)
    i.LCD_SetNum                             0x00002a88   Section        0  lcd.o(i.LCD_SetNum)
    i.LOG_Init                               0x00002b40   Section        0  fsl_log.o(i.LOG_Init)
    i.LOG_Pop                                0x00002b5e   Section        0  fsl_log.o(i.LOG_Pop)
    i.LOG_Push                               0x00002b88   Section        0  fsl_log.o(i.LOG_Push)
    i.LPSCI_ClearStatusFlags                 0x00002bf4   Section        0  fsl_lpsci.o(i.LPSCI_ClearStatusFlags)
    i.LPSCI_GetDefaultConfig                 0x00002c54   Section        0  fsl_lpsci.o(i.LPSCI_GetDefaultConfig)
    i.LPSCI_GetInstance                      0x00002cc0   Section        0  fsl_lpsci.o(i.LPSCI_GetInstance)
    i.LPSCI_GetStatusFlags                   0x00002d50   Section        0  fsl_lpsci.o(i.LPSCI_GetStatusFlags)
    i.LPSCI_Init                             0x00002d60   Section        0  fsl_lpsci.o(i.LPSCI_Init)
    i.LPSCI_ReadBlocking                     0x00002f44   Section        0  fsl_lpsci.o(i.LPSCI_ReadBlocking)
    i.LPSCI_WriteBlocking                    0x00003020   Section        0  fsl_lpsci.o(i.LPSCI_WriteBlocking)
    i.PORT_SetPinConfig                      0x0000309c   Section        0  pin_mux.o(i.PORT_SetPinConfig)
    PORT_SetPinConfig                        0x0000309d   Thumb Code    36  pin_mux.o(i.PORT_SetPinConfig)
    i.PORT_SetPinMux                         0x00003100   Section        0  pin_mux.o(i.PORT_SetPinMux)
    PORT_SetPinMux                           0x00003101   Thumb Code    28  pin_mux.o(i.PORT_SetPinMux)
    i.SLCD_GetDefaultConfig                  0x0000311c   Section        0  fsl_slcd.o(i.SLCD_GetDefaultConfig)
    i.SLCD_GetInstance                       0x00003188   Section        0  fsl_slcd.o(i.SLCD_GetInstance)
    SLCD_GetInstance                         0x00003189   Thumb Code    48  fsl_slcd.o(i.SLCD_GetInstance)
    i.SLCD_Init                              0x00003218   Section        0  fsl_slcd.o(i.SLCD_Init)
    i.SLCD_SetBackPlanePhase                 0x00003448   Section        0  lcd.o(i.SLCD_SetBackPlanePhase)
    SLCD_SetBackPlanePhase                   0x00003449   Thumb Code     8  lcd.o(i.SLCD_SetBackPlanePhase)
    i.SLCD_SetFrontPlaneSegments             0x00003450   Section        0  lcd.o(i.SLCD_SetFrontPlaneSegments)
    SLCD_SetFrontPlaneSegments               0x00003451   Thumb Code     8  lcd.o(i.SLCD_SetFrontPlaneSegments)
    i.SLCD_StartDisplay                      0x00003458   Section        0  lcd.o(i.SLCD_StartDisplay)
    SLCD_StartDisplay                        0x00003459   Thumb Code    10  lcd.o(i.SLCD_StartDisplay)
    i.StrFormatPrintf                        0x00003462   Section        0  fsl_str.o(i.StrFormatPrintf)
    i.SystemInit                             0x00003694   Section        0  system_mkl46z4.o(i.SystemInit)
    i.SystemInitHook                         0x000036a8   Section        0  system_mkl46z4.o(i.SystemInitHook)
    i.UART0_DriverIRQHandler                 0x000036ac   Section        0  fsl_lpsci.o(i.UART0_DriverIRQHandler)
    i.UART1_DriverIRQHandler                 0x000036c8   Section        0  fsl_uart.o(i.UART1_DriverIRQHandler)
    i.UART2_DriverIRQHandler                 0x000036e4   Section        0  fsl_uart.o(i.UART2_DriverIRQHandler)
    i.UART_GetDefaultConfig                  0x00003700   Section        0  fsl_uart.o(i.UART_GetDefaultConfig)
    i.UART_GetInstance                       0x0000376c   Section        0  fsl_uart.o(i.UART_GetInstance)
    i.UART_GetStatusFlags                    0x000037f8   Section        0  fsl_uart.o(i.UART_GetStatusFlags)
    i.UART_Init                              0x00003808   Section        0  fsl_uart.o(i.UART_Init)
    i.UART_ReadBlocking                      0x00003988   Section        0  fsl_uart.o(i.UART_ReadBlocking)
    i.UART_WriteBlocking                     0x00003a48   Section        0  fsl_uart.o(i.UART_WriteBlocking)
    i.__ARM_common_switch8                   0x00003a68   Section        0  lcd.o(i.__ARM_common_switch8)
    i.__ARM_fpclassify                       0x00003a84   Section        0  fpclassify.o(i.__ARM_fpclassify)
    i.__aeabi_assert                         0x00003ab0   Section        0  fsl_assert.o(i.__aeabi_assert)
    i.__kernel_poly                          0x00003af4   Section        0  poly.o(i.__kernel_poly)
    i.__mathlib_dbl_infnan                   0x00003ba0   Section        0  dunder.o(i.__mathlib_dbl_infnan)
    i.__mathlib_dbl_infnan2                  0x00003baa   Section        0  dunder.o(i.__mathlib_dbl_infnan2)
    i.__mathlib_dbl_underflow                0x00003bb4   Section        0  dunder.o(i.__mathlib_dbl_underflow)
    i.atan                                   0x00003bc8   Section        0  atan.o(i.atan)
    i.atan2                                  0x00003de4   Section        0  atan2.o(i.atan2)
    i.delay                                  0x00003f80   Section        0  lcd.o(i.delay)
    i.init_i2c                               0x00003f90   Section        0  main.o(i.init_i2c)
    i.main                                   0x00003fc8   Section        0  main.o(i.main)
    i.read_i2c                               0x00004258   Section        0  main.o(i.read_i2c)
    i.send_i2c                               0x00004288   Section        0  main.o(i.send_i2c)
    x$fpl$deqf                               0x000042bc   Section      100  deqf.o(x$fpl$deqf)
    x$fpl$fadd                               0x00004320   Section      140  faddsub.o(x$fpl$fadd)
    _fadd1                                   0x0000432d   Thumb Code     0  faddsub.o(x$fpl$fadd)
    x$fpl$fmul                               0x000043ac   Section      176  fmul.o(x$fpl$fmul)
    x$fpl$fsub                               0x0000445c   Section      208  faddsub.o(x$fpl$fsub)
    _fsub1                                   0x00004469   Thumb Code     0  faddsub.o(x$fpl$fsub)
    .constdata                               0x0000452c   Section        4  lcd.o(.constdata)
    x$fpl$usenofp                            0x0000452c   Section        0  usenofp.o(x$fpl$usenofp)
    .constdata                               0x00004530   Section       56  clock_config.o(.constdata)
    .constdata                               0x00004568   Section        6  pin_mux.o(.constdata)
    .constdata                               0x00004570   Section       96  fsl_clock.o(.constdata)
    mcgModeMatrix                            0x00004570   Data          64  fsl_clock.o(.constdata)
    fllFactorTable                           0x000045b0   Data          16  fsl_clock.o(.constdata)
    trimRange                                0x000045c0   Data          16  fsl_clock.o(.constdata)
    .constdata                               0x000045d0   Section      148  fsl_i2c.o(.constdata)
    s_i2cDividerTable                        0x000045d8   Data         128  fsl_i2c.o(.constdata)
    s_i2cIrqs                                0x00004658   Data           2  fsl_i2c.o(.constdata)
    s_i2cClocks                              0x0000465c   Data           8  fsl_i2c.o(.constdata)
    .constdata                               0x00004664   Section       12  fsl_lpsci.o(.constdata)
    s_lpsciBases                             0x00004664   Data           4  fsl_lpsci.o(.constdata)
    s_lpsciIRQ                               0x00004668   Data           1  fsl_lpsci.o(.constdata)
    s_lpsciClock                             0x0000466c   Data           4  fsl_lpsci.o(.constdata)
    .constdata                               0x00004670   Section        8  fsl_slcd.o(.constdata)
    s_slcdClock                              0x00004670   Data           4  fsl_slcd.o(.constdata)
    s_slcdBases                              0x00004674   Data           4  fsl_slcd.o(.constdata)
    .constdata                               0x00004678   Section       28  fsl_uart.o(.constdata)
    s_uartBases                              0x00004678   Data          12  fsl_uart.o(.constdata)
    s_uartIRQ                                0x00004684   Data           3  fsl_uart.o(.constdata)
    s_uartClock                              0x00004688   Data          12  fsl_uart.o(.constdata)
    .constdata                               0x00004694   Section      128  ddiv.o(.constdata)
    ddiv_reciptbl                            0x00004694   Data         128  ddiv.o(.constdata)
    .constdata                               0x00004718   Section      152  atan.o(.constdata)
    atanhi                                   0x00004718   Data          32  atan.o(.constdata)
    atanlo                                   0x00004738   Data          32  atan.o(.constdata)
    aTodd                                    0x00004758   Data          40  atan.o(.constdata)
    aTeven                                   0x00004780   Data          48  atan.o(.constdata)
    .constdata                               0x000047b0   Section        8  qnan.o(.constdata)
    .conststring                             0x000047b8   Section       65  fsl_debug_console.o(.conststring)
    .data                                    0x1fffe000   Section       28  main.o(.data)
    .data                                    0x1fffe01c   Section       16  fsl_clock.o(.data)
    s_slowIrcFreq                            0x1fffe01c   Data           4  fsl_clock.o(.data)
    s_fastIrcFreq                            0x1fffe020   Data           4  fsl_clock.o(.data)
    .data                                    0x1fffe02c   Section       16  fsl_i2c.o(.data)
    s_i2cHandle                              0x1fffe02c   Data           8  fsl_i2c.o(.data)
    s_i2cMasterIsr                           0x1fffe034   Data           4  fsl_i2c.o(.data)
    s_i2cSlaveIsr                            0x1fffe038   Data           4  fsl_i2c.o(.data)
    .data                                    0x1fffe03c   Section        8  fsl_lpsci.o(.data)
    s_lpsciHandle                            0x1fffe03c   Data           4  fsl_lpsci.o(.data)
    s_lpsciIsr                               0x1fffe040   Data           4  fsl_lpsci.o(.data)
    .data                                    0x1fffe044   Section        4  fsl_uart.o(.data)
    s_uartIsr                                0x1fffe044   Data           4  fsl_uart.o(.data)
    .data                                    0x1fffe048   Section        8  fsl_io.o(.data)
    s_debugConsoleIO                         0x1fffe048   Data           8  fsl_io.o(.data)
    .data                                    0x1fffe050   Section        4  system_mkl46z4.o(.data)
    .bss                                     0x1fffe054   Section       12  fsl_uart.o(.bss)
    s_uartHandle                             0x1fffe054   Data          12  fsl_uart.o(.bss)
    .bss                                     0x1fffe060   Section       96  libspace.o(.bss)

    Global Symbols

    Symbol Name                              Value     Ov Type        Size  Object(Section)

    BuildAttributes$$THM_ISAv3M$S$PE$A:L22$X:L11$S22$IEEE1$IW$USESV6$~STKCKD$USESV7$~SHL$OTIME$ROPI$IEEEX$EBA8$UX$STANDARDLIB$REQ8$PRES8$EABIv2 0x00000000   Number         0  anon$$obj.o ABSOLUTE
    __ARM_use_no_argv                        0x00000000   Number         0  main.o ABSOLUTE
    __Vectors                                0x00000000   Data           4  startup_mkl46z4.o(RESET)
    Image$$ZI$$Limit                          - Undefined Weak Reference
    __ARM_exceptions_init                     - Undefined Weak Reference
    __alloca_initialize                       - Undefined Weak Reference
    __arm_fini_                               - Undefined Weak Reference
    __arm_preinit_                            - Undefined Weak Reference
    __cpp_initialize__aeabi_                  - Undefined Weak Reference
    __cxa_finalize                            - Undefined Weak Reference
    __rt_locale                               - Undefined Weak Reference
    __sigvec_lookup                           - Undefined Weak Reference
    __user_heap_extent                        - Undefined Weak Reference
    _atexit_init                              - Undefined Weak Reference
    _call_atexit_fns                          - Undefined Weak Reference
    _clock_init                               - Undefined Weak Reference
    _fp_trap_init                             - Undefined Weak Reference
    _fp_trap_shutdown                         - Undefined Weak Reference
    _get_lc_collate                           - Undefined Weak Reference
    _get_lc_ctype                             - Undefined Weak Reference
    _get_lc_monetary                          - Undefined Weak Reference
    _get_lc_numeric                           - Undefined Weak Reference
    _get_lc_time                              - Undefined Weak Reference
    _getenv_init                              - Undefined Weak Reference
    _handle_redirection                       - Undefined Weak Reference
    _initio                                   - Undefined Weak Reference
    _mutex_acquire                            - Undefined Weak Reference
    _mutex_free                               - Undefined Weak Reference
    _mutex_release                            - Undefined Weak Reference
    _rand_init                                - Undefined Weak Reference
    _signal_finish                            - Undefined Weak Reference
    _signal_init                              - Undefined Weak Reference
    _terminateio                              - Undefined Weak Reference
    __Vectors_End                            0x000000c0   Data           0  startup_mkl46z4.o(RESET)
    __Vectors_Size                           0x000000c0   Number         0  startup_mkl46z4.o ABSOLUTE
    __main                                   0x00000411   Thumb Code     8  __main.o(!!!main)
    __scatterload                            0x00000419   Thumb Code     0  __scatter.o(!!!scatter)
    __scatterload_rt2                        0x00000419   Thumb Code    52  __scatter.o(!!!scatter)
    __scatterload_rt2_thumb_only             0x00000419   Thumb Code     0  __scatter.o(!!!scatter)
    __scatterload_null                       0x00000429   Thumb Code     0  __scatter.o(!!!scatter)
    __scatterload_copy                       0x00000455   Thumb Code    26  __scatter_copy.o(!!handler_copy)
    __scatterload_zeroinit                   0x00000471   Thumb Code    28  __scatter_zi.o(!!handler_zi)
    __rt_lib_init                            0x0000048d   Thumb Code     0  libinit.o(.ARM.Collect$$libinit$$00000000)
    __rt_lib_init_alloca_1                   0x0000048f   Thumb Code     0  libinit2.o(.ARM.Collect$$libinit$$0000002E)
    __rt_lib_init_argv_1                     0x0000048f   Thumb Code     0  libinit2.o(.ARM.Collect$$libinit$$0000002C)
    __rt_lib_init_atexit_1                   0x0000048f   Thumb Code     0  libinit2.o(.ARM.Collect$$libinit$$0000001B)
    __rt_lib_init_clock_1                    0x0000048f   Thumb Code     0  libinit2.o(.ARM.Collect$$libinit$$00000021)
    __rt_lib_init_cpp_1                      0x0000048f   Thumb Code     0  libinit2.o(.ARM.Collect$$libinit$$00000032)
    __rt_lib_init_exceptions_1               0x0000048f   Thumb Code     0  libinit2.o(.ARM.Collect$$libinit$$00000030)
    __rt_lib_init_fp_1                       0x0000048f   Thumb Code     0  libinit2.o(.ARM.Collect$$libinit$$00000002)
    __rt_lib_init_fp_trap_1                  0x0000048f   Thumb Code     0  libinit2.o(.ARM.Collect$$libinit$$0000001F)
    __rt_lib_init_getenv_1                   0x0000048f   Thumb Code     0  libinit2.o(.ARM.Collect$$libinit$$00000023)
    __rt_lib_init_heap_1                     0x0000048f   Thumb Code     0  libinit2.o(.ARM.Collect$$libinit$$0000000A)
    __rt_lib_init_lc_collate_1               0x0000048f   Thumb Code     0  libinit2.o(.ARM.Collect$$libinit$$00000011)
    __rt_lib_init_lc_ctype_1                 0x0000048f   Thumb Code     0  libinit2.o(.ARM.Collect$$libinit$$00000013)
    __rt_lib_init_lc_monetary_1              0x0000048f   Thumb Code     0  libinit2.o(.ARM.Collect$$libinit$$00000015)
    __rt_lib_init_lc_numeric_1               0x0000048f   Thumb Code     0  libinit2.o(.ARM.Collect$$libinit$$00000017)
    __rt_lib_init_lc_time_1                  0x0000048f   Thumb Code     0  libinit2.o(.ARM.Collect$$libinit$$00000019)
    __rt_lib_init_preinit_1                  0x0000048f   Thumb Code     0  libinit2.o(.ARM.Collect$$libinit$$00000004)
    __rt_lib_init_rand_1                     0x0000048f   Thumb Code     0  libinit2.o(.ARM.Collect$$libinit$$0000000E)
    __rt_lib_init_return                     0x0000048f   Thumb Code     0  libinit2.o(.ARM.Collect$$libinit$$00000033)
    __rt_lib_init_signal_1                   0x0000048f   Thumb Code     0  libinit2.o(.ARM.Collect$$libinit$$0000001D)
    __rt_lib_init_stdio_1                    0x0000048f   Thumb Code     0  libinit2.o(.ARM.Collect$$libinit$$00000025)
    __rt_lib_init_user_alloc_1               0x0000048f   Thumb Code     0  libinit2.o(.ARM.Collect$$libinit$$0000000C)
    __rt_lib_shutdown                        0x00000491   Thumb Code     0  libshutdown.o(.ARM.Collect$$libshutdown$$00000000)
    __rt_lib_shutdown_cpp_1                  0x00000493   Thumb Code     0  libshutdown2.o(.ARM.Collect$$libshutdown$$00000004)
    __rt_lib_shutdown_fini_1                 0x00000493   Thumb Code     0  libshutdown2.o(.ARM.Collect$$libshutdown$$00000002)
    __rt_lib_shutdown_fp_trap_1              0x00000493   Thumb Code     0  libshutdown2.o(.ARM.Collect$$libshutdown$$00000009)
    __rt_lib_shutdown_heap_1                 0x00000493   Thumb Code     0  libshutdown2.o(.ARM.Collect$$libshutdown$$00000011)
    __rt_lib_shutdown_return                 0x00000493   Thumb Code     0  libshutdown2.o(.ARM.Collect$$libshutdown$$00000012)
    __rt_lib_shutdown_signal_1               0x00000493   Thumb Code     0  libshutdown2.o(.ARM.Collect$$libshutdown$$0000000C)
    __rt_lib_shutdown_stdio_1                0x00000493   Thumb Code     0  libshutdown2.o(.ARM.Collect$$libshutdown$$00000006)
    __rt_lib_shutdown_user_alloc_1           0x00000493   Thumb Code     0  libshutdown2.o(.ARM.Collect$$libshutdown$$0000000E)
    __rt_entry                               0x00000495   Thumb Code     0  __rtentry.o(.ARM.Collect$$rtentry$$00000000)
    __rt_entry_presh_1                       0x00000495   Thumb Code     0  __rtentry2.o(.ARM.Collect$$rtentry$$00000002)
    __rt_entry_sh                            0x00000495   Thumb Code     0  __rtentry7.o(.ARM.Collect$$rtentry$$00000007)
    __rt_entry_li                            0x00000499   Thumb Code     0  __rtentry2.o(.ARM.Collect$$rtentry$$0000000A)
    __rt_entry_postsh_1                      0x00000499   Thumb Code     0  __rtentry2.o(.ARM.Collect$$rtentry$$00000009)
    __rt_entry_main                          0x0000049d   Thumb Code     0  __rtentry2.o(.ARM.Collect$$rtentry$$0000000D)
    __rt_entry_postli_1                      0x0000049d   Thumb Code     0  __rtentry2.o(.ARM.Collect$$rtentry$$0000000C)
    __rt_exit                                0x000004a9   Thumb Code     0  rtexit.o(.ARM.Collect$$rtexit$$00000000)
    __rt_exit_ls                             0x000004ab   Thumb Code     0  rtexit2.o(.ARM.Collect$$rtexit$$00000003)
    __rt_exit_prels_1                        0x000004ab   Thumb Code     0  rtexit2.o(.ARM.Collect$$rtexit$$00000002)
    __rt_exit_exit                           0x000004af   Thumb Code     0  rtexit2.o(.ARM.Collect$$rtexit$$00000004)
    Reset_Handler                            0x000004b5   Thumb Code    24  startup_mkl46z4.o(.text)
    NMI_Handler                              0x000004cd   Thumb Code     2  startup_mkl46z4.o(.text)
    HardFault_Handler                        0x000004cf   Thumb Code     2  startup_mkl46z4.o(.text)
    SVC_Handler                              0x000004d1   Thumb Code     2  startup_mkl46z4.o(.text)
    PendSV_Handler                           0x000004d3   Thumb Code     2  startup_mkl46z4.o(.text)
    SysTick_Handler                          0x000004d5   Thumb Code     2  startup_mkl46z4.o(.text)
    DMA0_IRQHandler                          0x000004d7   Thumb Code     4  startup_mkl46z4.o(.text)
    DMA1_IRQHandler                          0x000004db   Thumb Code     4  startup_mkl46z4.o(.text)
    DMA2_IRQHandler                          0x000004df   Thumb Code     4  startup_mkl46z4.o(.text)
    DMA3_IRQHandler                          0x000004e3   Thumb Code     4  startup_mkl46z4.o(.text)
    I2C0_IRQHandler                          0x000004e7   Thumb Code     4  startup_mkl46z4.o(.text)
    I2C1_IRQHandler                          0x000004eb   Thumb Code     4  startup_mkl46z4.o(.text)
    SPI0_IRQHandler                          0x000004ef   Thumb Code     4  startup_mkl46z4.o(.text)
    SPI1_IRQHandler                          0x000004f3   Thumb Code     4  startup_mkl46z4.o(.text)
    UART0_IRQHandler                         0x000004f7   Thumb Code     4  startup_mkl46z4.o(.text)
    UART1_IRQHandler                         0x000004fb   Thumb Code     4  startup_mkl46z4.o(.text)
    UART2_IRQHandler                         0x000004ff   Thumb Code     4  startup_mkl46z4.o(.text)
    I2S0_IRQHandler                          0x00000503   Thumb Code     4  startup_mkl46z4.o(.text)
    ADC0_IRQHandler                          0x00000507   Thumb Code     0  startup_mkl46z4.o(.text)
    CMP0_IRQHandler                          0x00000507   Thumb Code     0  startup_mkl46z4.o(.text)
    DAC0_IRQHandler                          0x00000507   Thumb Code     0  startup_mkl46z4.o(.text)
    DMA0_DriverIRQHandler                    0x00000507   Thumb Code     0  startup_mkl46z4.o(.text)
    DMA1_DriverIRQHandler                    0x00000507   Thumb Code     0  startup_mkl46z4.o(.text)
    DMA2_DriverIRQHandler                    0x00000507   Thumb Code     0  startup_mkl46z4.o(.text)
    DMA3_DriverIRQHandler                    0x00000507   Thumb Code     0  startup_mkl46z4.o(.text)
    DefaultISR                               0x00000507   Thumb Code     0  startup_mkl46z4.o(.text)
    FTFA_IRQHandler                          0x00000507   Thumb Code     0  startup_mkl46z4.o(.text)
    I2S0_DriverIRQHandler                    0x00000507   Thumb Code     0  startup_mkl46z4.o(.text)
    LCD_IRQHandler                           0x00000507   Thumb Code     0  startup_mkl46z4.o(.text)
    LLWU_IRQHandler                          0x00000507   Thumb Code     0  startup_mkl46z4.o(.text)
    LPTMR0_IRQHandler                        0x00000507   Thumb Code     0  startup_mkl46z4.o(.text)
    LVD_LVW_IRQHandler                       0x00000507   Thumb Code     0  startup_mkl46z4.o(.text)
    MCG_IRQHandler                           0x00000507   Thumb Code     0  startup_mkl46z4.o(.text)
    PIT_IRQHandler                           0x00000507   Thumb Code     0  startup_mkl46z4.o(.text)
    PORTA_IRQHandler                         0x00000507   Thumb Code     0  startup_mkl46z4.o(.text)
    PORTC_PORTD_IRQHandler                   0x00000507   Thumb Code     0  startup_mkl46z4.o(.text)
    RTC_IRQHandler                           0x00000507   Thumb Code     0  startup_mkl46z4.o(.text)
    RTC_Seconds_IRQHandler                   0x00000507   Thumb Code     0  startup_mkl46z4.o(.text)
    Reserved20_IRQHandler                    0x00000507   Thumb Code     0  startup_mkl46z4.o(.text)
    SPI0_DriverIRQHandler                    0x00000507   Thumb Code     0  startup_mkl46z4.o(.text)
    SPI1_DriverIRQHandler                    0x00000507   Thumb Code     0  startup_mkl46z4.o(.text)
    TPM0_IRQHandler                          0x00000507   Thumb Code     0  startup_mkl46z4.o(.text)
    TPM1_IRQHandler                          0x00000507   Thumb Code     0  startup_mkl46z4.o(.text)
    TPM2_IRQHandler                          0x00000507   Thumb Code     0  startup_mkl46z4.o(.text)
    TSI0_IRQHandler                          0x00000507   Thumb Code     0  startup_mkl46z4.o(.text)
    USB0_IRQHandler                          0x00000507   Thumb Code     0  startup_mkl46z4.o(.text)
    strlen                                   0x00000551   Thumb Code    62  strlen.o(.text)
    _memset_w                                0x00000595   Thumb Code    26  rt_memclr.o(.text)
    _memset                                  0x000005af   Thumb Code    30  rt_memclr.o(.text)
    __aeabi_memclr                           0x000005cd   Thumb Code     4  rt_memclr.o(.text)
    __rt_memclr                              0x000005cd   Thumb Code     0  rt_memclr.o(.text)
    __aeabi_memclr4                          0x000005d1   Thumb Code     0  rt_memclr.o(.text)
    __aeabi_memclr8                          0x000005d1   Thumb Code     0  rt_memclr.o(.text)
    __rt_memclr_w                            0x000005d1   Thumb Code     4  rt_memclr.o(.text)
    __aeabi_uidiv                            0x000005d5   Thumb Code     0  aeabi_sdiv.o(.text)
    __aeabi_uidivmod                         0x000005d5   Thumb Code    20  aeabi_sdiv.o(.text)
    __aeabi_idiv                             0x000005e9   Thumb Code     0  aeabi_sdiv.o(.text)
    __aeabi_idivmod                          0x000005e9   Thumb Code   326  aeabi_sdiv.o(.text)
    __aeabi_d2f                              0x00000731   Thumb Code     0  d2f.o(.text)
    _d2f                                     0x00000731   Thumb Code   120  d2f.o(.text)
    __aeabi_ddiv                             0x000007ad   Thumb Code     0  ddiv.o(.text)
    _ddiv                                    0x000007ad   Thumb Code  1072  ddiv.o(.text)
    _drdiv                                   0x00000bdd   Thumb Code    20  ddiv.o(.text)
    __aeabi_d2uiz                            0x00000bf5   Thumb Code     0  dfixui.o(.text)
    _dfixu                                   0x00000bf5   Thumb Code    68  dfixui.o(.text)
    __aeabi_i2d_normalise                    0x00000c3d   Thumb Code    66  dflti.o(.text)
    __aeabi_i2d                              0x00000c7f   Thumb Code    16  dflti.o(.text)
    _dflt                                    0x00000c7f   Thumb Code     0  dflti.o(.text)
    __aeabi_ui2d                             0x00000c8f   Thumb Code     6  dflti.o(.text)
    _dfltu                                   0x00000c8f   Thumb Code     0  dflti.o(.text)
    __aeabi_dmul                             0x00000c95   Thumb Code     0  dmul.o(.text)
    _dmul                                    0x00000c95   Thumb Code   558  dmul.o(.text)
    __aeabi_f2d                              0x00000edd   Thumb Code     0  f2d.o(.text)
    _f2d                                     0x00000edd   Thumb Code    80  f2d.o(.text)
    __aeabi_i2f_normalise                    0x00000f31   Thumb Code    72  fflti.o(.text)
    __aeabi_i2f                              0x00000f79   Thumb Code    16  fflti.o(.text)
    _fflt                                    0x00000f79   Thumb Code     0  fflti.o(.text)
    __aeabi_ui2f                             0x00000f89   Thumb Code     6  fflti.o(.text)
    _ffltu                                   0x00000f89   Thumb Code     0  fflti.o(.text)
    __read_errno                             0x00000f8f   Thumb Code    10  _rserrno.o(.text)
    __set_errno                              0x00000f99   Thumb Code    12  _rserrno.o(.text)
    __aeabi_dadd                             0x0000129d   Thumb Code     0  daddsub.o(.text)
    _dadd                                    0x0000129d   Thumb Code    26  daddsub.o(.text)
    __aeabi_dsub                             0x000012b7   Thumb Code     0  daddsub.o(.text)
    _dsub                                    0x000012b7   Thumb Code    22  daddsub.o(.text)
    __aeabi_drsub                            0x000012cd   Thumb Code     0  daddsub.o(.text)
    _drsb                                    0x000012cd   Thumb Code    28  daddsub.o(.text)
    __aeabi_errno_addr                       0x000012fd   Thumb Code     8  rt_errno_addr_intlibspace.o(.text)
    __errno$intlibspace                      0x000012fd   Thumb Code     0  rt_errno_addr_intlibspace.o(.text)
    __rt_errno_addr$intlibspace              0x000012fd   Thumb Code     0  rt_errno_addr_intlibspace.o(.text)
    __fpl_dcmp_InfNaN                        0x00001305   Thumb Code   140  dcmpin.o(.text)
    __ARM_scalbn                             0x00001395   Thumb Code    84  dscalbn.o(.text)
    __I$use$semihosting                      0x000013f5   Thumb Code     0  use_no_semi.o(.text)
    __use_no_semihosting_swi                 0x000013f5   Thumb Code     2  use_no_semi.o(.text)
    __semihosting_library_function           0x000013f7   Thumb Code     0  indicate_semi.o(.text)
    exit                                     0x000013f7   Thumb Code    16  exit.o(.text)
    __fpl_cmpreturn                          0x00001407   Thumb Code    46  cmpret.o(.text)
    __fpl_dcheck_NaN2                        0x00001435   Thumb Code    14  dnan2.o(.text)
    _sys_exit                                0x00001449   Thumb Code     8  sys_exit.o(.text)
    __fpl_return_NaN                         0x00001455   Thumb Code    94  retnan.o(.text)
    BOARD_BootClockRUN                       0x000014b5   Thumb Code    74  clock_config.o(i.BOARD_BootClockRUN)
    BOARD_I2C_ConfigurePins                  0x00001521   Thumb Code    44  pin_mux.o(i.BOARD_I2C_ConfigurePins)
    BOARD_InitDebugConsole                   0x00001559   Thumb Code    52  board.o(i.BOARD_InitDebugConsole)
    BOARD_InitPins                           0x00001595   Thumb Code    42  pin_mux.o(i.BOARD_InitPins)
    CLOCK_BootToPeeMode                      0x000015cd   Thumb Code    70  fsl_clock.o(i.CLOCK_BootToPeeMode)
    CLOCK_EnablePll0                         0x000016a9   Thumb Code    86  fsl_clock.o(i.CLOCK_EnablePll0)
    CLOCK_GetEr32kClkFreq                    0x00001745   Thumb Code    92  fsl_clock.o(i.CLOCK_GetEr32kClkFreq)
    CLOCK_GetFixedFreqClkFreq                0x000017f1   Thumb Code    30  fsl_clock.o(i.CLOCK_GetFixedFreqClkFreq)
    CLOCK_GetFllFreq                         0x00001885   Thumb Code    78  fsl_clock.o(i.CLOCK_GetFllFreq)
    CLOCK_GetFreq                            0x00001901   Thumb Code   172  fsl_clock.o(i.CLOCK_GetFreq)
    CLOCK_GetInternalRefClkFreq              0x000019b1   Thumb Code    22  fsl_clock.o(i.CLOCK_GetInternalRefClkFreq)
    CLOCK_GetOsc0ErClkFreq                   0x00001a61   Thumb Code    46  fsl_clock.o(i.CLOCK_GetOsc0ErClkFreq)
    CLOCK_GetOutClkFreq                      0x00001b01   Thumb Code    60  fsl_clock.o(i.CLOCK_GetOutClkFreq)
    CLOCK_GetPll0Freq                        0x00001b41   Thumb Code    72  fsl_clock.o(i.CLOCK_GetPll0Freq)
    CLOCK_GetPllFllSelClkFreq                0x00001bdd   Thumb Code    52  fsl_clock.o(i.CLOCK_GetPllFllSelClkFreq)
    CLOCK_InitOsc0                           0x00001c15   Thumb Code   110  fsl_clock.o(i.CLOCK_InitOsc0)
    CLOCK_SetExternalRefClkConfig            0x00001c8d   Thumb Code     6  fsl_clock.o(i.CLOCK_SetExternalRefClkConfig)
    CLOCK_SetInternalRefClkConfig            0x00001c95   Thumb Code   166  fsl_clock.o(i.CLOCK_SetInternalRefClkConfig)
    CLOCK_SetPbeMode                         0x00001d41   Thumb Code   126  fsl_clock.o(i.CLOCK_SetPbeMode)
    CLOCK_SetSimConfig                       0x00001e05   Thumb Code    70  fsl_clock.o(i.CLOCK_SetSimConfig)
    DbgConsole_Init                          0x00001f19   Thumb Code    40  fsl_debug_console.o(i.DbgConsole_Init)
    DbgConsole_Printf                        0x00001f71   Thumb Code    62  fsl_debug_console.o(i.DbgConsole_Printf)
    I2C0_DriverIRQHandler                    0x00001ff1   Thumb Code    14  fsl_i2c.o(i.I2C0_DriverIRQHandler)
    I2C1_DriverIRQHandler                    0x00002009   Thumb Code    14  fsl_i2c.o(i.I2C1_DriverIRQHandler)
    I2C_GetInstance                          0x00002049   Thumb Code    48  fsl_i2c.o(i.I2C_GetInstance)
    I2C_MasterGetDefaultConfig               0x00002105   Thumb Code    36  fsl_i2c.o(i.I2C_MasterGetDefaultConfig)
    I2C_MasterGetStatusFlags                 0x00002179   Thumb Code    34  fsl_i2c.o(i.I2C_MasterGetStatusFlags)
    I2C_MasterInit                           0x0000219d   Thumb Code   140  fsl_i2c.o(i.I2C_MasterInit)
    I2C_MasterReadBlocking                   0x00002285   Thumb Code   146  fsl_i2c.o(i.I2C_MasterReadBlocking)
    I2C_MasterRepeatedStart                  0x00002319   Thumb Code   104  fsl_i2c.o(i.I2C_MasterRepeatedStart)
    I2C_MasterSetBaudRate                    0x00002385   Thumb Code   136  fsl_i2c.o(i.I2C_MasterSetBaudRate)
    I2C_MasterStart                          0x00002411   Thumb Code    62  fsl_i2c.o(i.I2C_MasterStart)
    I2C_MasterStop                           0x00002455   Thumb Code    26  fsl_i2c.o(i.I2C_MasterStop)
    I2C_MasterTransferBlocking               0x00002471   Thumb Code   388  fsl_i2c.o(i.I2C_MasterTransferBlocking)
    I2C_MasterWriteBlocking                  0x0000263d   Thumb Code   162  fsl_i2c.o(i.I2C_MasterWriteBlocking)
    IO_Init                                  0x00002725   Thumb Code   226  fsl_io.o(i.IO_Init)
    IO_Transfer                              0x00002855   Thumb Code   108  fsl_io.o(i.IO_Transfer)
    LCD_DisplayDemical                       0x000028c5   Thumb Code   220  lcd.o(i.LCD_DisplayDemical)
    LCD_DisplayError                         0x000029a9   Thumb Code   130  lcd.o(i.LCD_DisplayError)
    LCD_Init                                 0x00002a31   Thumb Code    66  lcd.o(i.LCD_Init)
    LCD_SetNum                               0x00002a89   Thumb Code   178  lcd.o(i.LCD_SetNum)
    LOG_Init                                 0x00002b41   Thumb Code    30  fsl_log.o(i.LOG_Init)
    LOG_Pop                                  0x00002b5f   Thumb Code    42  fsl_log.o(i.LOG_Pop)
    LOG_Push                                 0x00002b89   Thumb Code    34  fsl_log.o(i.LOG_Push)
    LPSCI_ClearStatusFlags                   0x00002bf5   Thumb Code    92  fsl_lpsci.o(i.LPSCI_ClearStatusFlags)
    LPSCI_GetDefaultConfig                   0x00002c55   Thumb Code    42  fsl_lpsci.o(i.LPSCI_GetDefaultConfig)
    LPSCI_GetInstance                        0x00002cc1   Thumb Code    48  fsl_lpsci.o(i.LPSCI_GetInstance)
    LPSCI_GetStatusFlags                     0x00002d51   Thumb Code    14  fsl_lpsci.o(i.LPSCI_GetStatusFlags)
    LPSCI_Init                               0x00002d61   Thumb Code   384  fsl_lpsci.o(i.LPSCI_Init)
    LPSCI_ReadBlocking                       0x00002f45   Thumb Code   152  fsl_lpsci.o(i.LPSCI_ReadBlocking)
    LPSCI_WriteBlocking                      0x00003021   Thumb Code    54  fsl_lpsci.o(i.LPSCI_WriteBlocking)
    SLCD_GetDefaultConfig                    0x0000311d   Thumb Code    40  fsl_slcd.o(i.SLCD_GetDefaultConfig)
    SLCD_Init                                0x00003219   Thumb Code   456  fsl_slcd.o(i.SLCD_Init)
    StrFormatPrintf                          0x00003463   Thumb Code   562  fsl_str.o(i.StrFormatPrintf)
    SystemInit                               0x00003695   Thumb Code    14  system_mkl46z4.o(i.SystemInit)
    SystemInitHook                           0x000036a9   Thumb Code     2  system_mkl46z4.o(i.SystemInitHook)
    UART0_DriverIRQHandler                   0x000036ad   Thumb Code    16  fsl_lpsci.o(i.UART0_DriverIRQHandler)
    UART1_DriverIRQHandler                   0x000036c9   Thumb Code    16  fsl_uart.o(i.UART1_DriverIRQHandler)
    UART2_DriverIRQHandler                   0x000036e5   Thumb Code    16  fsl_uart.o(i.UART2_DriverIRQHandler)
    UART_GetDefaultConfig                    0x00003701   Thumb Code    42  fsl_uart.o(i.UART_GetDefaultConfig)
    UART_GetInstance                         0x0000376d   Thumb Code    50  fsl_uart.o(i.UART_GetInstance)
    UART_GetStatusFlags                      0x000037f9   Thumb Code    14  fsl_uart.o(i.UART_GetStatusFlags)
    UART_Init                                0x00003809   Thumb Code   284  fsl_uart.o(i.UART_Init)
    UART_ReadBlocking                        0x00003989   Thumb Code   118  fsl_uart.o(i.UART_ReadBlocking)
    UART_WriteBlocking                       0x00003a49   Thumb Code    32  fsl_uart.o(i.UART_WriteBlocking)
    __ARM_common_switch8                     0x00003a69   Thumb Code    28  lcd.o(i.__ARM_common_switch8)
    __ARM_fpclassify                         0x00003a85   Thumb Code    40  fpclassify.o(i.__ARM_fpclassify)
    __aeabi_assert                           0x00003ab1   Thumb Code    24  fsl_assert.o(i.__aeabi_assert)
    __kernel_poly                            0x00003af5   Thumb Code   172  poly.o(i.__kernel_poly)
    __mathlib_dbl_infnan                     0x00003ba1   Thumb Code    10  dunder.o(i.__mathlib_dbl_infnan)
    __mathlib_dbl_infnan2                    0x00003bab   Thumb Code     8  dunder.o(i.__mathlib_dbl_infnan2)
    __mathlib_dbl_underflow                  0x00003bb5   Thumb Code    14  dunder.o(i.__mathlib_dbl_underflow)
    atan                                     0x00003bc9   Thumb Code   472  atan.o(i.atan)
    atan2                                    0x00003de5   Thumb Code   372  atan2.o(i.atan2)
    delay                                    0x00003f81   Thumb Code    14  lcd.o(i.delay)
    init_i2c                                 0x00003f91   Thumb Code    48  main.o(i.init_i2c)
    main                                     0x00003fc9   Thumb Code   522  main.o(i.main)
    read_i2c                                 0x00004259   Thumb Code    44  main.o(i.read_i2c)
    send_i2c                                 0x00004289   Thumb Code    46  main.o(i.send_i2c)
    __aeabi_cdcmpeq                          0x000042bd   Thumb Code     0  deqf.o(x$fpl$deqf)
    _dcmpeq                                  0x000042bd   Thumb Code    94  deqf.o(x$fpl$deqf)
    __aeabi_fadd                             0x00004321   Thumb Code     0  faddsub.o(x$fpl$fadd)
    _fadd                                    0x00004321   Thumb Code   134  faddsub.o(x$fpl$fadd)
    __aeabi_fmul                             0x000043ad   Thumb Code     0  fmul.o(x$fpl$fmul)
    _fmul                                    0x000043ad   Thumb Code   172  fmul.o(x$fpl$fmul)
    __aeabi_fsub                             0x0000445d   Thumb Code     0  faddsub.o(x$fpl$fsub)
    _fsub                                    0x0000445d   Thumb Code   204  faddsub.o(x$fpl$fsub)
    __I$use$fp                               0x0000452c   Number         0  usenofp.o(x$fpl$usenofp)
    mcgConfig_BOARD_BootClockRUN             0x00004530   Data          10  clock_config.o(.constdata)
    simConfig_BOARD_BootClockRUN             0x0000453c   Data           8  clock_config.o(.constdata)
    oscConfig_BOARD_BootClockRUN             0x00004544   Data           8  clock_config.o(.constdata)
    mcgConfig_BOARD_BootClockVLPR            0x0000454c   Data          10  clock_config.o(.constdata)
    simConfig_BOARD_BootClockVLPR            0x00004558   Data           8  clock_config.o(.constdata)
    oscConfig_BOARD_BootClockVLPR            0x00004560   Data           8  clock_config.o(.constdata)
    s_i2cBases                               0x000045d0   Data           8  fsl_i2c.o(.constdata)
    __mathlib_zero                           0x000047b0   Data           8  qnan.o(.constdata)
    Region$$Table$$Base                      0x000047fc   Number         0  anon$$obj.o(Region$$Table)
    Region$$Table$$Limit                     0x0000481c   Number         0  anon$$obj.o(Region$$Table)
    isReadyToGetData                         0x1fffe000   Data           1  main.o(.data)
    xmax                                     0x1fffe002   Data           2  main.o(.data)
    xmin                                     0x1fffe004   Data           2  main.o(.data)
    ymax                                     0x1fffe006   Data           2  main.o(.data)
    ymin                                     0x1fffe008   Data           2  main.o(.data)
    xOffset                                  0x1fffe00c   Data           4  main.o(.data)
    yOffset                                  0x1fffe010   Data           4  main.o(.data)
    xScale                                   0x1fffe014   Data           4  main.o(.data)
    yScale                                   0x1fffe018   Data           4  main.o(.data)
    g_xtal0Freq                              0x1fffe024   Data           4  fsl_clock.o(.data)
    g_xtal32Freq                             0x1fffe028   Data           4  fsl_clock.o(.data)
    SystemCoreClock                          0x1fffe050   Data           4  system_mkl46z4.o(.data)
    __libspace_start                         0x1fffe060   Data          96  libspace.o(.bss)
    Image$$ARM_LIB_HEAP$$ZI$$Base            0x1fffe0c0   Number         0  anon$$obj.o ABSOLUTE
    __temporary_stack_top$libspace           0x1fffe0c0   Data           0  libspace.o(.bss)
    Image$$ARM_LIB_HEAP$$ZI$$Limit           0x1fffe4c0   Number         0  anon$$obj.o ABSOLUTE
    Image$$ARM_LIB_STACK$$ZI$$Limit          0x20006000   Number         0  anon$$obj.o ABSOLUTE



==============================================================================

Memory Map of the image

  Image Entry point : 0x000004b5

  Load Region LR_m_text (Base: 0x00000000, Size: 0x00004870, Max: 0x00040000, ABSOLUTE)

    Execution Region VECTOR_ROM (Exec base: 0x00000000, Load base: 0x00000000, Size: 0x000000c0, Max: 0x00000200, ABSOLUTE)

    Exec Addr    Load Addr    Size         Type   Attr      Idx    E Section Name        Object

    0x00000000   0x00000000   0x000000c0   Data   RO         2275    RESET               startup_mkl46z4.o


    Execution Region ER_m_flash_config (Exec base: 0x00000400, Load base: 0x00000400, Size: 0x00000010, Max: 0x00000010, ABSOLUTE, FIXED)

    Exec Addr    Load Addr    Size         Type   Attr      Idx    E Section Name        Object

    0x00000400   0x00000400   0x00000010   Data   RO         2276    FlashConfig         startup_mkl46z4.o


    Execution Region ER_m_text (Exec base: 0x00000410, Load base: 0x00000410, Size: 0x0000440c, Max: 0x0003fbf0, ABSOLUTE)

    Exec Addr    Load Addr    Size         Type   Attr      Idx    E Section Name        Object

    0x00000410   0x00000410   0x00000008   Code   RO         2407  * !!!main             c_p.l(__main.o)
    0x00000418   0x00000418   0x0000003c   Code   RO         2717    !!!scatter          c_p.l(__scatter.o)
    0x00000454   0x00000454   0x0000001a   Code   RO         2719    !!handler_copy      c_p.l(__scatter_copy.o)
    0x0000046e   0x0000046e   0x00000002   PAD
    0x00000470   0x00000470   0x0000001c   Code   RO         2721    !!handler_zi        c_p.l(__scatter_zi.o)
    0x0000048c   0x0000048c   0x00000002   Code   RO         2641    .ARM.Collect$$libinit$$00000000  c_p.l(libinit.o)
    0x0000048e   0x0000048e   0x00000000   Code   RO         2477    .ARM.Collect$$libinit$$00000002  c_p.l(libinit2.o)
    0x0000048e   0x0000048e   0x00000000   Code   RO         2479    .ARM.Collect$$libinit$$00000004  c_p.l(libinit2.o)
    0x0000048e   0x0000048e   0x00000000   Code   RO         2482    .ARM.Collect$$libinit$$0000000A  c_p.l(libinit2.o)
    0x0000048e   0x0000048e   0x00000000   Code   RO         2484    .ARM.Collect$$libinit$$0000000C  c_p.l(libinit2.o)
    0x0000048e   0x0000048e   0x00000000   Code   RO         2486    .ARM.Collect$$libinit$$0000000E  c_p.l(libinit2.o)
    0x0000048e   0x0000048e   0x00000000   Code   RO         2489    .ARM.Collect$$libinit$$00000011  c_p.l(libinit2.o)
    0x0000048e   0x0000048e   0x00000000   Code   RO         2491    .ARM.Collect$$libinit$$00000013  c_p.l(libinit2.o)
    0x0000048e   0x0000048e   0x00000000   Code   RO         2493    .ARM.Collect$$libinit$$00000015  c_p.l(libinit2.o)
    0x0000048e   0x0000048e   0x00000000   Code   RO         2495    .ARM.Collect$$libinit$$00000017  c_p.l(libinit2.o)
    0x0000048e   0x0000048e   0x00000000   Code   RO         2497    .ARM.Collect$$libinit$$00000019  c_p.l(libinit2.o)
    0x0000048e   0x0000048e   0x00000000   Code   RO         2499    .ARM.Collect$$libinit$$0000001B  c_p.l(libinit2.o)
    0x0000048e   0x0000048e   0x00000000   Code   RO         2501    .ARM.Collect$$libinit$$0000001D  c_p.l(libinit2.o)
    0x0000048e   0x0000048e   0x00000000   Code   RO         2503    .ARM.Collect$$libinit$$0000001F  c_p.l(libinit2.o)
    0x0000048e   0x0000048e   0x00000000   Code   RO         2505    .ARM.Collect$$libinit$$00000021  c_p.l(libinit2.o)
    0x0000048e   0x0000048e   0x00000000   Code   RO         2507    .ARM.Collect$$libinit$$00000023  c_p.l(libinit2.o)
    0x0000048e   0x0000048e   0x00000000   Code   RO         2509    .ARM.Collect$$libinit$$00000025  c_p.l(libinit2.o)
    0x0000048e   0x0000048e   0x00000000   Code   RO         2513    .ARM.Collect$$libinit$$0000002C  c_p.l(libinit2.o)
    0x0000048e   0x0000048e   0x00000000   Code   RO         2515    .ARM.Collect$$libinit$$0000002E  c_p.l(libinit2.o)
    0x0000048e   0x0000048e   0x00000000   Code   RO         2517    .ARM.Collect$$libinit$$00000030  c_p.l(libinit2.o)
    0x0000048e   0x0000048e   0x00000000   Code   RO         2519    .ARM.Collect$$libinit$$00000032  c_p.l(libinit2.o)
    0x0000048e   0x0000048e   0x00000002   Code   RO         2520    .ARM.Collect$$libinit$$00000033  c_p.l(libinit2.o)
    0x00000490   0x00000490   0x00000002   Code   RO         2714    .ARM.Collect$$libshutdown$$00000000  c_p.l(libshutdown.o)
    0x00000492   0x00000492   0x00000000   Code   RO         2668    .ARM.Collect$$libshutdown$$00000002  c_p.l(libshutdown2.o)
    0x00000492   0x00000492   0x00000000   Code   RO         2670    .ARM.Collect$$libshutdown$$00000004  c_p.l(libshutdown2.o)
    0x00000492   0x00000492   0x00000000   Code   RO         2672    .ARM.Collect$$libshutdown$$00000006  c_p.l(libshutdown2.o)
    0x00000492   0x00000492   0x00000000   Code   RO         2675    .ARM.Collect$$libshutdown$$00000009  c_p.l(libshutdown2.o)
    0x00000492   0x00000492   0x00000000   Code   RO         2678    .ARM.Collect$$libshutdown$$0000000C  c_p.l(libshutdown2.o)
    0x00000492   0x00000492   0x00000000   Code   RO         2680    .ARM.Collect$$libshutdown$$0000000E  c_p.l(libshutdown2.o)
    0x00000492   0x00000492   0x00000000   Code   RO         2683    .ARM.Collect$$libshutdown$$00000011  c_p.l(libshutdown2.o)
    0x00000492   0x00000492   0x00000002   Code   RO         2684    .ARM.Collect$$libshutdown$$00000012  c_p.l(libshutdown2.o)
    0x00000494   0x00000494   0x00000000   Code   RO         2442    .ARM.Collect$$rtentry$$00000000  c_p.l(__rtentry.o)
    0x00000494   0x00000494   0x00000000   Code   RO         2557    .ARM.Collect$$rtentry$$00000002  c_p.l(__rtentry2.o)
    0x00000494   0x00000494   0x00000004   Code   RO         2571    .ARM.Collect$$rtentry$$00000007  c_p.l(__rtentry7.o)
    0x00000498   0x00000498   0x00000000   Code   RO         2559    .ARM.Collect$$rtentry$$00000009  c_p.l(__rtentry2.o)
    0x00000498   0x00000498   0x00000004   Code   RO         2560    .ARM.Collect$$rtentry$$0000000A  c_p.l(__rtentry2.o)
    0x0000049c   0x0000049c   0x00000000   Code   RO         2562    .ARM.Collect$$rtentry$$0000000C  c_p.l(__rtentry2.o)
    0x0000049c   0x0000049c   0x00000008   Code   RO         2563    .ARM.Collect$$rtentry$$0000000D  c_p.l(__rtentry2.o)
    0x000004a4   0x000004a4   0x00000004   Code   RO         2572    .ARM.Collect$$rtentry$$00002718  c_p.l(__rtentry7.o)
    0x000004a8   0x000004a8   0x00000002   Code   RO         2651    .ARM.Collect$$rtexit$$00000000  c_p.l(rtexit.o)
    0x000004aa   0x000004aa   0x00000000   Code   RO         2690    .ARM.Collect$$rtexit$$00000002  c_p.l(rtexit2.o)
    0x000004aa   0x000004aa   0x00000004   Code   RO         2691    .ARM.Collect$$rtexit$$00000003  c_p.l(rtexit2.o)
    0x000004ae   0x000004ae   0x00000006   Code   RO         2692    .ARM.Collect$$rtexit$$00000004  c_p.l(rtexit2.o)
    0x000004b4   0x000004b4   0x0000009c   Code   RO         2277  * .text               startup_mkl46z4.o
    0x00000550   0x00000550   0x00000044   Code   RO         2395    .text               c_p.l(strlen.o)
    0x00000594   0x00000594   0x00000040   Code   RO         2401    .text               c_p.l(rt_memclr.o)
    0x000005d4   0x000005d4   0x0000015a   Code   RO         2403    .text               c_p.l(aeabi_sdiv.o)
    0x0000072e   0x0000072e   0x00000002   PAD
    0x00000730   0x00000730   0x0000007c   Code   RO         2409    .text               fz_ps.l(d2f.o)
    0x000007ac   0x000007ac   0x00000448   Code   RO         2411    .text               fz_ps.l(ddiv.o)
    0x00000bf4   0x00000bf4   0x00000048   Code   RO         2414    .text               fz_ps.l(dfixui.o)
    0x00000c3c   0x00000c3c   0x00000058   Code   RO         2416    .text               fz_ps.l(dflti.o)
    0x00000c94   0x00000c94   0x00000248   Code   RO         2418    .text               fz_ps.l(dmul.o)
    0x00000edc   0x00000edc   0x00000054   Code   RO         2420    .text               fz_ps.l(f2d.o)
    0x00000f30   0x00000f30   0x0000005e   Code   RO         2428    .text               fz_ps.l(fflti.o)
    0x00000f8e   0x00000f8e   0x00000016   Code   RO         2472    .text               c_p.l(_rserrno.o)
    0x00000fa4   0x00000fa4   0x00000358   Code   RO         2521    .text               fz_ps.l(daddsub.o)
    0x000012fc   0x000012fc   0x00000008   Code   RO         2581    .text               c_p.l(rt_errno_addr_intlibspace.o)
    0x00001304   0x00001304   0x00000090   Code   RO         2602    .text               fz_ps.l(dcmpin.o)
    0x00001394   0x00001394   0x00000060   Code   RO         2604    .text               fz_ps.l(dscalbn.o)
    0x000013f4   0x000013f4   0x00000002   Code   RO         2612    .text               c_p.l(use_no_semi.o)
    0x000013f6   0x000013f6   0x00000000   Code   RO         2614    .text               c_p.l(indicate_semi.o)
    0x000013f6   0x000013f6   0x00000010   Code   RO         2622    .text               c_p.l(exit.o)
    0x00001406   0x00001406   0x0000002e   Code   RO         2642    .text               fz_ps.l(cmpret.o)
    0x00001434   0x00001434   0x00000014   Code   RO         2644    .text               fz_ps.l(dnan2.o)
    0x00001448   0x00001448   0x0000000c   Code   RO         2646    .text               c_p.l(sys_exit.o)
    0x00001454   0x00001454   0x0000005e   Code   RO         2685    .text               fz_ps.l(retnan.o)
    0x000014b2   0x000014b2   0x00000002   PAD
    0x000014b4   0x000014b4   0x0000006c   Code   RO          258    i.BOARD_BootClockRUN  clock_config.o
    0x00001520   0x00001520   0x00000038   Code   RO          323    i.BOARD_I2C_ConfigurePins  pin_mux.o
    0x00001558   0x00001558   0x0000003c   Code   RO          224    i.BOARD_InitDebugConsole  board.o
    0x00001594   0x00001594   0x00000038   Code   RO          325    i.BOARD_InitPins    pin_mux.o
    0x000015cc   0x000015cc   0x00000090   Code   RO          385    i.CLOCK_BootToPeeMode  fsl_clock.o
    0x0000165c   0x0000165c   0x0000001c   Code   RO          261    i.CLOCK_CONFIG_SetFllExtRefDiv  clock_config.o
    0x00001678   0x00001678   0x00000018   Code   RO          326    i.CLOCK_EnableClock  pin_mux.o
    0x00001690   0x00001690   0x00000018   Code   RO         1153    i.CLOCK_EnableClock  fsl_i2c.o
    0x000016a8   0x000016a8   0x0000009c   Code   RO          389    i.CLOCK_EnablePll0  fsl_clock.o
    0x00001744   0x00001744   0x000000ac   Code   RO          395    i.CLOCK_GetEr32kClkFreq  fsl_clock.o
    0x000017f0   0x000017f0   0x0000001e   Code   RO          396    i.CLOCK_GetFixedFreqClkFreq  fsl_clock.o
    0x0000180e   0x0000180e   0x00000002   PAD
    0x00001810   0x00001810   0x00000074   Code   RO          398    i.CLOCK_GetFllExtRefClkFreq  fsl_clock.o
    0x00001884   0x00001884   0x00000058   Code   RO          399    i.CLOCK_GetFllFreq  fsl_clock.o
    0x000018dc   0x000018dc   0x00000024   Code   RO          400    i.CLOCK_GetFllRefClkFreq  fsl_clock.o
    0x00001900   0x00001900   0x000000b0   Code   RO          401    i.CLOCK_GetFreq     fsl_clock.o
    0x000019b0   0x000019b0   0x0000001c   Code   RO          402    i.CLOCK_GetInternalRefClkFreq  fsl_clock.o
    0x000019cc   0x000019cc   0x00000030   Code   RO          403    i.CLOCK_GetInternalRefClkSelectFreq  fsl_clock.o
    0x000019fc   0x000019fc   0x00000064   Code   RO          404    i.CLOCK_GetMcgExtClkFreq  fsl_clock.o
    0x00001a60   0x00001a60   0x0000007c   Code   RO          406    i.CLOCK_GetOsc0ErClkFreq  fsl_clock.o
    0x00001adc   0x00001adc   0x00000024   Code   RO          407    i.CLOCK_GetOscRangeFromFreq  fsl_clock.o
    0x00001b00   0x00001b00   0x00000040   Code   RO          408    i.CLOCK_GetOutClkFreq  fsl_clock.o
    0x00001b40   0x00001b40   0x00000094   Code   RO          410    i.CLOCK_GetPll0Freq  fsl_clock.o
    0x00001bd4   0x00001bd4   0x00000008   Code   RO          411    i.CLOCK_GetPll0RefFreq  fsl_clock.o
    0x00001bdc   0x00001bdc   0x00000038   Code   RO          412    i.CLOCK_GetPllFllSelClkFreq  fsl_clock.o
    0x00001c14   0x00001c14   0x00000078   Code   RO          414    i.CLOCK_InitOsc0    fsl_clock.o
    0x00001c8c   0x00001c8c   0x00000006   Code   RO          418    i.CLOCK_SetExternalRefClkConfig  fsl_clock.o
    0x00001c92   0x00001c92   0x00000002   PAD
    0x00001c94   0x00001c94   0x000000ac   Code   RO          423    i.CLOCK_SetInternalRefClkConfig  fsl_clock.o
    0x00001d40   0x00001d40   0x000000c4   Code   RO          426    i.CLOCK_SetPbeMode  fsl_clock.o
    0x00001e04   0x00001e04   0x00000050   Code   RO          429    i.CLOCK_SetSimConfig  fsl_clock.o
    0x00001e54   0x00001e54   0x000000c4   Code   RO         2238    i.ConvertRadixNumToString  fsl_str.o
    0x00001f18   0x00001f18   0x00000058   Code   RO         2026    i.DbgConsole_Init   fsl_debug_console.o
    0x00001f70   0x00001f70   0x00000044   Code   RO         2027    i.DbgConsole_Printf  fsl_debug_console.o
    0x00001fb4   0x00001fb4   0x0000003a   Code   RO         2029    i.DbgConsole_RelocateLog  fsl_debug_console.o
    0x00001fee   0x00001fee   0x00000002   PAD
    0x00001ff0   0x00001ff0   0x00000018   Code   RO         1155    i.I2C0_DriverIRQHandler  fsl_i2c.o
    0x00002008   0x00002008   0x00000018   Code   RO         1156    i.I2C1_DriverIRQHandler  fsl_i2c.o
    0x00002020   0x00002020   0x00000028   Code   RO         1157    i.I2C_CheckAndClearError  fsl_i2c.o
    0x00002048   0x00002048   0x00000090   Code   RO         1161    i.I2C_GetInstance   fsl_i2c.o
    0x000020d8   0x000020d8   0x0000002c   Code   RO         1163    i.I2C_MasterClearStatusFlags  fsl_i2c.o
    0x00002104   0x00002104   0x00000074   Code   RO         1165    i.I2C_MasterGetDefaultConfig  fsl_i2c.o
    0x00002178   0x00002178   0x00000022   Code   RO         1166    i.I2C_MasterGetStatusFlags  fsl_i2c.o
    0x0000219a   0x0000219a   0x00000002   PAD
    0x0000219c   0x0000219c   0x000000e8   Code   RO         1167    i.I2C_MasterInit    fsl_i2c.o
    0x00002284   0x00002284   0x00000092   Code   RO         1168    i.I2C_MasterReadBlocking  fsl_i2c.o
    0x00002316   0x00002316   0x00000002   PAD
    0x00002318   0x00002318   0x0000006c   Code   RO         1169    i.I2C_MasterRepeatedStart  fsl_i2c.o
    0x00002384   0x00002384   0x0000008c   Code   RO         1170    i.I2C_MasterSetBaudRate  fsl_i2c.o
    0x00002410   0x00002410   0x00000044   Code   RO         1171    i.I2C_MasterStart   fsl_i2c.o
    0x00002454   0x00002454   0x0000001a   Code   RO         1172    i.I2C_MasterStop    fsl_i2c.o
    0x0000246e   0x0000246e   0x00000002   PAD
    0x00002470   0x00002470   0x000001cc   Code   RO         1174    i.I2C_MasterTransferBlocking  fsl_i2c.o
    0x0000263c   0x0000263c   0x000000a8   Code   RO         1180    i.I2C_MasterWriteBlocking  fsl_i2c.o
    0x000026e4   0x000026e4   0x00000040   Code   RO         1192    i.I2C_TransferCommonIRQHandler  fsl_i2c.o
    0x00002724   0x00002724   0x00000130   Code   RO         2120    i.IO_Init           fsl_io.o
    0x00002854   0x00002854   0x00000070   Code   RO         2121    i.IO_Transfer       fsl_io.o
    0x000028c4   0x000028c4   0x000000e4   Code   RO          124    i.LCD_DisplayDemical  lcd.o
    0x000029a8   0x000029a8   0x00000088   Code   RO          125    i.LCD_DisplayError  lcd.o
    0x00002a30   0x00002a30   0x00000058   Code   RO          127    i.LCD_Init          lcd.o
    0x00002a88   0x00002a88   0x000000b8   Code   RO          128    i.LCD_SetNum        lcd.o
    0x00002b40   0x00002b40   0x0000001e   Code   RO         2172    i.LOG_Init          fsl_log.o
    0x00002b5e   0x00002b5e   0x0000002a   Code   RO         2173    i.LOG_Pop           fsl_log.o
    0x00002b88   0x00002b88   0x0000006c   Code   RO         2174    i.LOG_Push          fsl_log.o
    0x00002bf4   0x00002bf4   0x00000060   Code   RO         1419    i.LPSCI_ClearStatusFlags  fsl_lpsci.o
    0x00002c54   0x00002c54   0x0000006c   Code   RO         1423    i.LPSCI_GetDefaultConfig  fsl_lpsci.o
    0x00002cc0   0x00002cc0   0x00000090   Code   RO         1425    i.LPSCI_GetInstance  fsl_lpsci.o
    0x00002d50   0x00002d50   0x0000000e   Code   RO         1426    i.LPSCI_GetStatusFlags  fsl_lpsci.o
    0x00002d5e   0x00002d5e   0x00000002   PAD
    0x00002d60   0x00002d60   0x000001e4   Code   RO         1427    i.LPSCI_Init        fsl_lpsci.o
    0x00002f44   0x00002f44   0x000000dc   Code   RO         1428    i.LPSCI_ReadBlocking  fsl_lpsci.o
    0x00003020   0x00003020   0x0000007c   Code   RO         1444    i.LPSCI_WriteBlocking  fsl_lpsci.o
    0x0000309c   0x0000309c   0x00000064   Code   RO          327    i.PORT_SetPinConfig  pin_mux.o
    0x00003100   0x00003100   0x0000001c   Code   RO          328    i.PORT_SetPinMux    pin_mux.o
    0x0000311c   0x0000311c   0x0000006c   Code   RO         1611    i.SLCD_GetDefaultConfig  fsl_slcd.o
    0x00003188   0x00003188   0x00000090   Code   RO         1612    i.SLCD_GetInstance  fsl_slcd.o
    0x00003218   0x00003218   0x00000230   Code   RO         1614    i.SLCD_Init         fsl_slcd.o
    0x00003448   0x00003448   0x00000008   Code   RO          133    i.SLCD_SetBackPlanePhase  lcd.o
    0x00003450   0x00003450   0x00000008   Code   RO          134    i.SLCD_SetFrontPlaneSegments  lcd.o
    0x00003458   0x00003458   0x0000000a   Code   RO          135    i.SLCD_StartDisplay  lcd.o
    0x00003462   0x00003462   0x00000232   Code   RO         2240    i.StrFormatPrintf   fsl_str.o
    0x00003694   0x00003694   0x00000014   Code   RO         2284    i.SystemInit        system_mkl46z4.o
    0x000036a8   0x000036a8   0x00000002   Code   RO         2285    i.SystemInitHook    system_mkl46z4.o
    0x000036aa   0x000036aa   0x00000002   PAD
    0x000036ac   0x000036ac   0x0000001c   Code   RO         1446    i.UART0_DriverIRQHandler  fsl_lpsci.o
    0x000036c8   0x000036c8   0x0000001c   Code   RO         1796    i.UART1_DriverIRQHandler  fsl_uart.o
    0x000036e4   0x000036e4   0x0000001c   Code   RO         1798    i.UART2_DriverIRQHandler  fsl_uart.o
    0x00003700   0x00003700   0x0000006c   Code   RO         1804    i.UART_GetDefaultConfig  fsl_uart.o
    0x0000376c   0x0000376c   0x0000008c   Code   RO         1806    i.UART_GetInstance  fsl_uart.o
    0x000037f8   0x000037f8   0x0000000e   Code   RO         1807    i.UART_GetStatusFlags  fsl_uart.o
    0x00003806   0x00003806   0x00000002   PAD
    0x00003808   0x00003808   0x00000180   Code   RO         1808    i.UART_Init         fsl_uart.o
    0x00003988   0x00003988   0x000000c0   Code   RO         1809    i.UART_ReadBlocking  fsl_uart.o
    0x00003a48   0x00003a48   0x00000020   Code   RO         1825    i.UART_WriteBlocking  fsl_uart.o
    0x00003a68   0x00003a68   0x0000001c   Code   RO          214    i.__ARM_common_switch8  lcd.o
    0x00003a84   0x00003a84   0x0000002c   Code   RO         2608    i.__ARM_fpclassify  m_ps.l(fpclassify.o)
    0x00003ab0   0x00003ab0   0x00000044   Code   RO         2000    i.__aeabi_assert    fsl_assert.o
    0x00003af4   0x00003af4   0x000000ac   Code   RO         2610    i.__kernel_poly     m_ps.l(poly.o)
    0x00003ba0   0x00003ba0   0x0000000a   Code   RO         2537    i.__mathlib_dbl_infnan  m_ps.l(dunder.o)
    0x00003baa   0x00003baa   0x00000008   Code   RO         2538    i.__mathlib_dbl_infnan2  m_ps.l(dunder.o)
    0x00003bb2   0x00003bb2   0x00000002   PAD
    0x00003bb4   0x00003bb4   0x00000014   Code   RO         2542    i.__mathlib_dbl_underflow  m_ps.l(dunder.o)
    0x00003bc8   0x00003bc8   0x0000021c   Code   RO         2527    i.atan              m_ps.l(atan.o)
    0x00003de4   0x00003de4   0x0000019c   Code   RO         2433    i.atan2             m_ps.l(atan2.o)
    0x00003f80   0x00003f80   0x0000000e   Code   RO          136    i.delay             lcd.o
    0x00003f8e   0x00003f8e   0x00000002   PAD
    0x00003f90   0x00003f90   0x00000038   Code   RO            5    i.init_i2c          main.o
    0x00003fc8   0x00003fc8   0x00000290   Code   RO            6    i.main              main.o
    0x00004258   0x00004258   0x00000030   Code   RO            7    i.read_i2c          main.o
    0x00004288   0x00004288   0x00000034   Code   RO            8    i.send_i2c          main.o
    0x000042bc   0x000042bc   0x00000064   Code   RO         2523    x$fpl$deqf          fz_ps.l(deqf.o)
    0x00004320   0x00004320   0x0000008c   Code   RO         2422    x$fpl$fadd          fz_ps.l(faddsub.o)
    0x000043ac   0x000043ac   0x000000b0   Code   RO         2430    x$fpl$fmul          fz_ps.l(fmul.o)
    0x0000445c   0x0000445c   0x000000d0   Code   RO         2424    x$fpl$fsub          fz_ps.l(faddsub.o)
    0x0000452c   0x0000452c   0x00000000   Code   RO         2525    x$fpl$usenofp       fz_ps.l(usenofp.o)
    0x0000452c   0x0000452c   0x00000004   Data   RO          137    .constdata          lcd.o
    0x00004530   0x00004530   0x00000038   Data   RO          262    .constdata          clock_config.o
    0x00004568   0x00004568   0x00000006   Data   RO          329    .constdata          pin_mux.o
    0x0000456e   0x0000456e   0x00000002   PAD
    0x00004570   0x00004570   0x00000060   Data   RO          431    .constdata          fsl_clock.o
    0x000045d0   0x000045d0   0x00000094   Data   RO         1193    .constdata          fsl_i2c.o
    0x00004664   0x00004664   0x0000000c   Data   RO         1447    .constdata          fsl_lpsci.o
    0x00004670   0x00004670   0x00000008   Data   RO         1616    .constdata          fsl_slcd.o
    0x00004678   0x00004678   0x0000001c   Data   RO         1828    .constdata          fsl_uart.o
    0x00004694   0x00004694   0x00000080   Data   RO         2412    .constdata          fz_ps.l(ddiv.o)
    0x00004714   0x00004714   0x00000004   PAD
    0x00004718   0x00004718   0x00000098   Data   RO         2528    .constdata          m_ps.l(atan.o)
    0x000047b0   0x000047b0   0x00000008   Data   RO         2550    .constdata          m_ps.l(qnan.o)
    0x000047b8   0x000047b8   0x00000041   Data   RO         2033    .conststring        fsl_debug_console.o
    0x000047f9   0x000047f9   0x00000003   PAD
    0x000047fc   0x000047fc   0x00000020   Data   RO         2715    Region$$Table       anon$$obj.o


    Execution Region RW_m_data (Exec base: 0x1fffe000, Load base: 0x0000481c, Size: 0x000000c0, Max: 0x00007800, ABSOLUTE)

    Exec Addr    Load Addr    Size         Type   Attr      Idx    E Section Name        Object

    0x1fffe000   0x0000481c   0x0000001c   Data   RW            9    .data               main.o
    0x1fffe01c   0x00004838   0x00000010   Data   RW          432    .data               fsl_clock.o
    0x1fffe02c   0x00004848   0x00000010   Data   RW         1194    .data               fsl_i2c.o
    0x1fffe03c   0x00004858   0x00000008   Data   RW         1448    .data               fsl_lpsci.o
    0x1fffe044   0x00004860   0x00000004   Data   RW         1829    .data               fsl_uart.o
    0x1fffe048   0x00004864   0x00000008   Data   RW         2123    .data               fsl_io.o
    0x1fffe050   0x0000486c   0x00000004   Data   RW         2286    .data               system_mkl46z4.o
    0x1fffe054        -       0x0000000c   Zero   RW         1827    .bss                fsl_uart.o
    0x1fffe060        -       0x00000060   Zero   RW         2554    .bss                c_p.l(libspace.o)


    Execution Region ARM_LIB_HEAP (Exec base: 0x1fffe0c0, Load base: 0x00004870, Size: 0x00000400, Max: 0x00000400, ABSOLUTE)

    Exec Addr    Load Addr    Size         Type   Attr      Idx    E Section Name        Object

    0x1fffe0c0        -       0x00000400   Zero   RW            1    ARM_LIB_HEAP.bss    anon$$obj.o


    Execution Region ARM_LIB_STACK (Exec base: 0x20005c00, Load base: 0x00004870, Size: 0x00000400, Max: 0x00000400, ABSOLUTE)

    Exec Addr    Load Addr    Size         Type   Attr      Idx    E Section Name        Object

    0x20005c00        -       0x00000400   Zero   RW            2    ARM_LIB_STACK.bss   anon$$obj.o


==============================================================================

Image component sizes


      Code (inc. data)   RO Data    RW Data    ZI Data      Debug   Object Name

        60          8          0          0          0       6712   board.o
       136         40         56          0          0       8511   clock_config.o
        68         44          0          0          0        597   fsl_assert.o
      2104        636         96         16          0      27244   fsl_clock.o
       214         54         65          0          0       3542   fsl_debug_console.o
      1862        402        148         16          0      25188   fsl_i2c.o
       416         82          0          8          0       9016   fsl_io.o
       180         74          0          0          0       3296   fsl_log.o
      1218        416         12          8          0      13598   fsl_lpsci.o
       812        268          8          0          0      20188   fsl_slcd.o
       758          0          0          0          0       3106   fsl_str.o
       926        354         28          4         12       8956   fsl_uart.o
       704         54          4          0          0       9328   lcd.o
       812        152          0         28          0     290434   main.o
       264         96          6          0          0      10550   pin_mux.o
       156         70        208          0          0       1152   startup_mkl46z4.o
        22          6          0          4          0       1080   system_mkl46z4.o

    ----------------------------------------------------------------------
     10732       2756        668         84       2060     442498   Object Totals
         0          0         32          0       2048          0   (incl. Generated)
        20          0          5          0          0          0   (incl. Padding)

    ----------------------------------------------------------------------

      Code (inc. data)   RO Data    RW Data    ZI Data      Debug   Library Member Name

         8          0          0          0          0         68   __main.o
         0          0          0          0          0          0   __rtentry.o
        12          0          0          0          0          0   __rtentry2.o
         8          4          0          0          0          0   __rtentry7.o
        60          8          0          0          0          0   __scatter.o
        26          0          0          0          0          0   __scatter_copy.o
        28          0          0          0          0          0   __scatter_zi.o
        22          0          0          0          0         92   _rserrno.o
       346          0          0          0          0         92   aeabi_sdiv.o
        16          0          0          0          0         68   exit.o
         0          0          0          0          0          0   indicate_semi.o
         2          0          0          0          0          0   libinit.o
         2          0          0          0          0          0   libinit2.o
         2          0          0          0          0          0   libshutdown.o
         2          0          0          0          0          0   libshutdown2.o
         0          0          0          0         96          0   libspace.o
         8          4          0          0          0         68   rt_errno_addr_intlibspace.o
        64          0          0          0          0        108   rt_memclr.o
         2          0          0          0          0          0   rtexit.o
        10          0          0          0          0          0   rtexit2.o
        68          6          0          0          0         72   strlen.o
        12          4          0          0          0         60   sys_exit.o
         2          0          0          0          0         68   use_no_semi.o
        46          0          0          0          0         60   cmpret.o
       124          4          0          0          0         72   d2f.o
       856         20          0          0          0        208   daddsub.o
       144          4          0          0          0         76   dcmpin.o
      1096         26        128          0          0        112   ddiv.o
       100          4          0          0          0         92   deqf.o
        72          4          0          0          0         68   dfixui.o
        88          0          0          0          0         92   dflti.o
       584         26          0          0          0         84   dmul.o
        20          6          0          0          0         68   dnan2.o
        96         12          0          0          0         72   dscalbn.o
        84          4          0          0          0         60   f2d.o
       348          8          0          0          0        160   faddsub.o
        94          0          0          0          0         92   fflti.o
       176          4          0          0          0         80   fmul.o
        94          0          0          0          0         68   retnan.o
         0          0          0          0          0          0   usenofp.o
       540         68        152          0          0        112   atan.o
       412         40          0          0          0        144   atan2.o
        38          6          0          0          0        204   dunder.o
        44          4          0          0          0         60   fpclassify.o
       172          0          0          0          0         76   poly.o
         0          0          8          0          0          0   qnan.o

    ----------------------------------------------------------------------
      5936        266        292          0         96       2756   Library Totals
         8          0          4          0          0          0   (incl. Padding)

    ----------------------------------------------------------------------

      Code (inc. data)   RO Data    RW Data    ZI Data      Debug   Library Name

       700         26          0          0         96        696   c_p.l
      4022        122        128          0          0       1464   fz_ps.l
      1206        118        160          0          0        596   m_ps.l

    ----------------------------------------------------------------------
      5936        266        292          0         96       2756   Library Totals

    ----------------------------------------------------------------------

==============================================================================


      Code (inc. data)   RO Data    RW Data    ZI Data      Debug   

     16668       3022        960         84       2156     440026   Grand Totals
     16668       3022        960         84       2156     440026   ELF Image Totals
     16668       3022        960         84          0          0   ROM Totals

==============================================================================

    Total RO  Size (Code + RO Data)                17628 (  17.21kB)
    Total RW  Size (RW Data + ZI Data)              2240 (   2.19kB)
    Total ROM Size (Code + RO Data + RW Data)      17712 (  17.30kB)

==============================================================================

